Component: ARM Compiler 5.06 update 5 (build 528) Tool: armlink [4d35e2]

==============================================================================

Section Cross References

    startup_stm32f103xb.o(RESET) refers to startup_stm32f103xb.o(STACK) for __initial_sp
    startup_stm32f103xb.o(RESET) refers to startup_stm32f103xb.o(.text) for Reset_Handler
    startup_stm32f103xb.o(RESET) refers to stm32f1xx_it_traffic.o(i.NMI_Handler) for NMI_Handler
    startup_stm32f103xb.o(RESET) refers to stm32f1xx_it_traffic.o(i.HardFault_Handler) for HardFault_Handler
    startup_stm32f103xb.o(RESET) refers to stm32f1xx_it_traffic.o(i.MemManage_Handler) for MemManage_Handler
    startup_stm32f103xb.o(RESET) refers to stm32f1xx_it_traffic.o(i.BusFault_Handler) for BusFault_Handler
    startup_stm32f103xb.o(RESET) refers to stm32f1xx_it_traffic.o(i.UsageFault_Handler) for UsageFault_Handler
    startup_stm32f103xb.o(RESET) refers to port.o(.emb_text) for SVC_Handler
    startup_stm32f103xb.o(RESET) refers to stm32f1xx_it_traffic.o(i.DebugMon_Handler) for DebugMon_Handler
    startup_stm32f103xb.o(RESET) refers to stm32f1xx_it_traffic.o(i.SysTick_Handler) for SysTick_Handler
    startup_stm32f103xb.o(RESET) refers to stm32f1xx_it_traffic.o(i.EXTI1_IRQHandler) for EXTI1_IRQHandler
    startup_stm32f103xb.o(RESET) refers to stm32f1xx_it_traffic.o(i.EXTI9_5_IRQHandler) for EXTI9_5_IRQHandler
    startup_stm32f103xb.o(RESET) refers to stm32f1xx_it_traffic.o(i.TIM1_UP_IRQHandler) for TIM1_UP_IRQHandler
    startup_stm32f103xb.o(RESET) refers to stm32f1xx_it_traffic.o(i.USART1_IRQHandler) for USART1_IRQHandler
    startup_stm32f103xb.o(.text) refers to system_stm32f1xx.o(i.SystemInit) for SystemInit
    startup_stm32f103xb.o(.text) refers to entry.o(.ARM.Collect$$$$00000000) for __main
    system_stm32f1xx.o(i.SystemCoreClockUpdate) refers to system_stm32f1xx.o(.data) for .data
    system_stm32f1xx.o(i.SystemCoreClockUpdate) refers to system_stm32f1xx.o(.constdata) for .constdata
    event_groups.o(i.vEventGroupClearBitsCallback) refers to event_groups.o(i.xEventGroupClearBits) for xEventGroupClearBits
    event_groups.o(i.vEventGroupDelete) refers to tasks.o(i.vTaskSuspendAll) for vTaskSuspendAll
    event_groups.o(i.vEventGroupDelete) refers to tasks.o(i.xTaskRemoveFromUnorderedEventList) for xTaskRemoveFromUnorderedEventList
    event_groups.o(i.vEventGroupDelete) refers to heap_4.o(i.vPortFree) for vPortFree
    event_groups.o(i.vEventGroupDelete) refers to tasks.o(i.xTaskResumeAll) for xTaskResumeAll
    event_groups.o(i.vEventGroupSetBitsCallback) refers to event_groups.o(i.xEventGroupSetBits) for xEventGroupSetBits
    event_groups.o(i.xEventGroupClearBits) refers to port.o(i.vPortEnterCritical) for vPortEnterCritical
    event_groups.o(i.xEventGroupClearBits) refers to port.o(i.vPortExitCritical) for vPortExitCritical
    event_groups.o(i.xEventGroupCreate) refers to heap_4.o(i.pvPortMalloc) for pvPortMalloc
    event_groups.o(i.xEventGroupCreate) refers to list.o(i.vListInitialise) for vListInitialise
    event_groups.o(i.xEventGroupSetBits) refers to tasks.o(i.vTaskSuspendAll) for vTaskSuspendAll
    event_groups.o(i.xEventGroupSetBits) refers to tasks.o(i.xTaskRemoveFromUnorderedEventList) for xTaskRemoveFromUnorderedEventList
    event_groups.o(i.xEventGroupSetBits) refers to tasks.o(i.xTaskResumeAll) for xTaskResumeAll
    event_groups.o(i.xEventGroupSync) refers to tasks.o(i.xTaskGetSchedulerState) for xTaskGetSchedulerState
    event_groups.o(i.xEventGroupSync) refers to tasks.o(i.vTaskSuspendAll) for vTaskSuspendAll
    event_groups.o(i.xEventGroupSync) refers to event_groups.o(i.xEventGroupSetBits) for xEventGroupSetBits
    event_groups.o(i.xEventGroupSync) refers to tasks.o(i.vTaskPlaceOnUnorderedEventList) for vTaskPlaceOnUnorderedEventList
    event_groups.o(i.xEventGroupSync) refers to tasks.o(i.xTaskResumeAll) for xTaskResumeAll
    event_groups.o(i.xEventGroupSync) refers to tasks.o(i.uxTaskResetEventItemValue) for uxTaskResetEventItemValue
    event_groups.o(i.xEventGroupSync) refers to port.o(i.vPortEnterCritical) for vPortEnterCritical
    event_groups.o(i.xEventGroupSync) refers to port.o(i.vPortExitCritical) for vPortExitCritical
    event_groups.o(i.xEventGroupWaitBits) refers to tasks.o(i.xTaskGetSchedulerState) for xTaskGetSchedulerState
    event_groups.o(i.xEventGroupWaitBits) refers to tasks.o(i.vTaskSuspendAll) for vTaskSuspendAll
    event_groups.o(i.xEventGroupWaitBits) refers to event_groups.o(i.prvTestWaitCondition) for prvTestWaitCondition
    event_groups.o(i.xEventGroupWaitBits) refers to tasks.o(i.vTaskPlaceOnUnorderedEventList) for vTaskPlaceOnUnorderedEventList
    event_groups.o(i.xEventGroupWaitBits) refers to tasks.o(i.xTaskResumeAll) for xTaskResumeAll
    event_groups.o(i.xEventGroupWaitBits) refers to tasks.o(i.uxTaskResetEventItemValue) for uxTaskResetEventItemValue
[...]
    ../clib/microlib/stdio/streams.c         0x00000000   Number         0  stdout.o ABSOLUTE
    ../clib/microlib/string/memcmp.c         0x00000000   Number         0  memcmp.o ABSOLUTE
    ../clib/microlib/string/memcpy.c         0x00000000   Number         0  memcpyb.o ABSOLUTE
    ../clib/microlib/string/memcpy.c         0x00000000   Number         0  memcpya.o ABSOLUTE
    ../clib/microlib/stubs.s                 0x00000000   Number         0  iusefp.o ABSOLUTE
    ../clib/scanf.c                          0x00000000   Number         0  __0sscanf.o ABSOLUTE
    ../clib/scanf.c                          0x00000000   Number         0  _chval.o ABSOLUTE
    ../clib/scanf.c                          0x00000000   Number         0  _scanf.o ABSOLUTE
    ../clib/scanf.c                          0x00000000   Number         0  _scanf_int.o ABSOLUTE
    ../clib/scanf.c                          0x00000000   Number         0  _sgetc.o ABSOLUTE
    ../clib/scanf.c                          0x00000000   Number         0  scanf_char.o ABSOLUTE
    ../fplib/microlib/fpadd.c                0x00000000   Number         0  dadd.o ABSOLUTE
    ../fplib/microlib/fpdiv.c                0x00000000   Number         0  ddiv.o ABSOLUTE
    ../fplib/microlib/fpepilogue.c           0x00000000   Number         0  depilogue.o ABSOLUTE
    ../fplib/microlib/fpfix.c                0x00000000   Number         0  dfixul.o ABSOLUTE
    ../fplib/microlib/fpmul.c                0x00000000   Number         0  dmul.o ABSOLUTE
    ..\Drivers\STM32F1xx_HAL_Driver\Src\stm32f1xx_hal.c 0x00000000   Number         0  stm32f1xx_hal.o ABSOLUTE
    ..\Drivers\STM32F1xx_HAL_Driver\Src\stm32f1xx_hal_cortex.c 0x00000000   Number         0  stm32f1xx_hal_cortex.o ABSOLUTE
    ..\Drivers\STM32F1xx_HAL_Driver\Src\stm32f1xx_hal_dma.c 0x00000000   Number         0  stm32f1xx_hal_dma.o ABSOLUTE
    ..\Drivers\STM32F1xx_HAL_Driver\Src\stm32f1xx_hal_flash.c 0x00000000   Number         0  stm32f1xx_hal_flash.o ABSOLUTE
    ..\Drivers\STM32F1xx_HAL_Driver\Src\stm32f1xx_hal_flash_ex.c 0x00000000   Number         0  stm32f1xx_hal_flash_ex.o ABSOLUTE
    ..\Drivers\STM32F1xx_HAL_Driver\Src\stm32f1xx_hal_gpio.c 0x00000000   Number         0  stm32f1xx_hal_gpio.o ABSOLUTE
    ..\Drivers\STM32F1xx_HAL_Driver\Src\stm32f1xx_hal_gpio_ex.c 0x00000000   Number         0  stm32f1xx_hal_gpio_ex.o ABSOLUTE
    ..\Drivers\STM32F1xx_HAL_Driver\Src\stm32f1xx_hal_pwr.c 0x00000000   Number         0  stm32f1xx_hal_pwr.o ABSOLUTE
    ..\Drivers\STM32F1xx_HAL_Driver\Src\stm32f1xx_hal_rcc.c 0x00000000   Number         0  stm32f1xx_hal_rcc.o ABSOLUTE
    ..\Drivers\STM32F1xx_HAL_Driver\Src\stm32f1xx_hal_rcc_ex.c 0x00000000   Number         0  stm32f1xx_hal_rcc_ex.o ABSOLUTE
    ..\Drivers\STM32F1xx_HAL_Driver\Src\stm32f1xx_hal_tim.c 0x00000000   Number         0  stm32f1xx_hal_tim.o ABSOLUTE
    ..\Drivers\STM32F1xx_HAL_Driver\Src\stm32f1xx_hal_tim_ex.c 0x00000000   Number         0  stm32f1xx_hal_tim_ex.o ABSOLUTE
    ..\Drivers\STM32F1xx_HAL_Driver\Src\stm32f1xx_hal_uart.c 0x00000000   Number         0  stm32f1xx_hal_uart.o ABSOLUTE
    ..\Middlewares\Third_Party\FreeRTOS\Source\CMSIS_RTOS\cmsis_os.c 0x00000000   Number         0  cmsis_os.o ABSOLUTE
    ..\Middlewares\Third_Party\FreeRTOS\Source\portable\RVDS\ARM_CM3\port.c 0x00000000   Number         0  port.o ABSOLUTE
    ..\Src\LCD_4bit.c                        0x00000000   Number         0  lcd_4bit.o ABSOLUTE
    ..\Src\Traffic8.c                        0x00000000   Number         0  traffic8.o ABSOLUTE
    ..\Src\basic_io.c                        0x00000000   Number         0  basic_io.o ABSOLUTE
    ..\Src\gpio.c                            0x00000000   Number         0  gpio.o ABSOLUTE
    ..\Src\stm32f1xx_hal_msp.c               0x00000000   Number         0  stm32f1xx_hal_msp.o ABSOLUTE
    ..\Src\stm32f1xx_hal_timebase_TIM.c      0x00000000   Number         0  stm32f1xx_hal_timebase_tim.o ABSOLUTE
    ..\Src\stm32f1xx_it_traffic.c            0x00000000   Number         0  stm32f1xx_it_traffic.o ABSOLUTE
    ..\Src\system_stm32f1xx.c                0x00000000   Number         0  system_stm32f1xx.o ABSOLUTE
    ..\Src\tim.c                             0x00000000   Number         0  tim.o ABSOLUTE
    ..\Src\usart.c                           0x00000000   Number         0  usart.o ABSOLUTE
    ..\\Src\\LCD_4bit.c                      0x00000000   Number         0  lcd_4bit.o ABSOLUTE
    ..\\Src\\Traffic8.c                      0x00000000   Number         0  traffic8.o ABSOLUTE
    ..\\Src\\basic_io.c                      0x00000000   Number         0  basic_io.o ABSOLUTE
    ..\\Src\\stm32f1xx_it_traffic.c          0x00000000   Number         0  stm32f1xx_it_traffic.o ABSOLUTE
    cdrcmple.s                               0x00000000   Number         0  cdrcmple.o ABSOLUTE
    dc.s                                     0x00000000   Number         0  dc.o ABSOLUTE
    handlers.s                               0x00000000   Number         0  handlers.o ABSOLUTE
    init.s                                   0x00000000   Number         0  init.o ABSOLUTE
    startup_stm32f103xb.s                    0x00000000   Number         0  startup_stm32f103xb.o ABSOLUTE
    RESET                                    0x08000000   Section      236  startup_stm32f103xb.o(RESET)
    .ARM.Collect$$$$00000000                 0x080000ec   Section        0  entry.o(.ARM.Collect$$$$00000000)
    .ARM.Collect$$$$00000001                 0x080000ec   Section        4  entry2.o(.ARM.Collect$$$$00000001)
    .ARM.Collect$$$$00000004                 0x080000f0   Section        4  entry5.o(.ARM.Collect$$$$00000004)
    .ARM.Collect$$$$00000008                 0x080000f4   Section        0  entry7b.o(.ARM.Collect$$$$00000008)
    .ARM.Collect$$$$0000000A                 0x080000f4   Section        0  entry8b.o(.ARM.Collect$$$$0000000A)
    .ARM.Collect$$$$0000000B                 0x080000f4   Section        8  entry9a.o(.ARM.Collect$$$$0000000B)
    .ARM.Collect$$$$0000000D                 0x080000fc   Section        0  entry10a.o(.ARM.Collect$$$$0000000D)
    .ARM.Collect$$$$0000000F                 0x080000fc   Section        0  entry11a.o(.ARM.Collect$$$$0000000F)
    .ARM.Collect$$$$00002712                 0x080000fc   Section        4  entry2.o(.ARM.Collect$$$$00002712)
    __lit__00000000                          0x080000fc   Data           4  entry2.o(.ARM.Collect$$$$00002712)
    .emb_text                                0x08000100   Section      150  port.o(.emb_text)
    .text                                    0x08000198   Section       36  startup_stm32f103xb.o(.text)
    .text                                    0x080001bc   Section        0  llushr.o(.text)
    .text                                    0x080001dc   Section        0  toupper.o(.text)
    .text                                    0x080001e8   Section        0  memcpya.o(.text)
    .text                                    0x0800020c   Section        0  memcmp.o(.text)
    .text                                    0x08000228   Section        0  __0sscanf.o(.text)
    .text                                    0x08000260   Section        0  _scanf_int.o(.text)
    .text                                    0x080003ac   Section        0  uldiv.o(.text)
    .text                                    0x0800040e   Section        0  _chval.o(.text)
    .text                                    0x0800042c   Section        0  scanf_char.o(.text)
    _scanf_char_input                        0x0800042d   Thumb Code    12  scanf_char.o(.text)
    .text                                    0x08000454   Section        0  _sgetc.o(.text)
    .text                                    0x08000494   Section       36  init.o(.text)
    .text                                    0x080004b8   Section        0  llshl.o(.text)
    .text                                    0x080004d6   Section        0  isspace_c.o(.text)
    .text                                    0x080004e0   Section        0  _scanf.o(.text)
    .text                                    0x0800080c   Section        0  ctype_c.o(.text)
    i.BusFault_Handler                       0x08000834   Section        0  stm32f1xx_it_traffic.o(i.BusFault_Handler)
    i.DebugMon_Handler                       0x08000836   Section        0  stm32f1xx_it_traffic.o(i.DebugMon_Handler)
    i.EXTI1_IRQHandler                       0x08000838   Section        0  stm32f1xx_it_traffic.o(i.EXTI1_IRQHandler)
    i.EXTI9_5_IRQHandler                     0x08000848   Section        0  stm32f1xx_it_traffic.o(i.EXTI9_5_IRQHandler)
    i.HAL_GPIO_EXTI_Callback                 0x08000858   Section        0  stm32f1xx_hal_gpio.o(i.HAL_GPIO_EXTI_Callback)
    i.HAL_GPIO_EXTI_IRQHandler               0x0800085c   Section        0  stm32f1xx_hal_gpio.o(i.HAL_GPIO_EXTI_IRQHandler)
    i.HAL_GPIO_Init                          0x08000874   Section        0  stm32f1xx_hal_gpio.o(i.HAL_GPIO_Init)
    i.HAL_GPIO_ReadPin                       0x08000a30   Section        0  stm32f1xx_hal_gpio.o(i.HAL_GPIO_ReadPin)
    i.HAL_GPIO_TogglePin                     0x08000a3a   Section        0  stm32f1xx_hal_gpio.o(i.HAL_GPIO_TogglePin)
    i.HAL_GPIO_WritePin                      0x08000a42   Section        0  stm32f1xx_hal_gpio.o(i.HAL_GPIO_WritePin)
    i.HAL_GetTick                            0x08000a4c   Section        0  stm32f1xx_hal.o(i.HAL_GetTick)
    i.HAL_IncTick                            0x08000a58   Section        0  stm32f1xx_hal.o(i.HAL_IncTick)
    i.HAL_Init                               0x08000a68   Section        0  stm32f1xx_hal.o(i.HAL_Init)
    i.HAL_InitTick                           0x08000a8c   Section        0  stm32f1xx_hal_timebase_tim.o(i.HAL_InitTick)
    i.HAL_MspInit                            0x08000b00   Section        0  stm32f1xx_hal_msp.o(i.HAL_MspInit)
    i.HAL_NVIC_EnableIRQ                     0x08000b84   Section        0  stm32f1xx_hal_cortex.o(i.HAL_NVIC_EnableIRQ)
    i.HAL_NVIC_SetPriority                   0x08000b9c   Section        0  stm32f1xx_hal_cortex.o(i.HAL_NVIC_SetPriority)
    i.HAL_NVIC_SetPriorityGrouping           0x08000bdc   Section        0  stm32f1xx_hal_cortex.o(i.HAL_NVIC_SetPriorityGrouping)
    i.HAL_RCC_ClockConfig                    0x08000c00   Section        0  stm32f1xx_hal_rcc.o(i.HAL_RCC_ClockConfig)
    i.HAL_RCC_GetClockConfig                 0x08000d54   Section        0  stm32f1xx_hal_rcc.o(i.HAL_RCC_GetClockConfig)
    i.HAL_RCC_GetHCLKFreq                    0x08000d94   Section        0  stm32f1xx_hal_rcc.o(i.HAL_RCC_GetHCLKFreq)
    i.HAL_RCC_GetPCLK1Freq                   0x08000da0   Section        0  stm32f1xx_hal_rcc.o(i.HAL_RCC_GetPCLK1Freq)
    i.HAL_RCC_GetPCLK2Freq                   0x08000dc0   Section        0  stm32f1xx_hal_rcc.o(i.HAL_RCC_GetPCLK2Freq)
    i.HAL_RCC_GetSysClockFreq                0x08000de0   Section        0  stm32f1xx_hal_rcc.o(i.HAL_RCC_GetSysClockFreq)
    i.HAL_RCC_OscConfig                      0x08000e4c   Section        0  stm32f1xx_hal_rcc.o(i.HAL_RCC_OscConfig)
    i.HAL_SYSTICK_CLKSourceConfig            0x08001150   Section        0  stm32f1xx_hal_cortex.o(i.HAL_SYSTICK_CLKSourceConfig)
    i.HAL_SYSTICK_Config                     0x08001168   Section        0  stm32f1xx_hal_cortex.o(i.HAL_SYSTICK_Config)
    i.HAL_TIMEx_BreakCallback                0x08001190   Section        0  stm32f1xx_hal_tim_ex.o(i.HAL_TIMEx_BreakCallback)
    i.HAL_TIMEx_CommutationCallback          0x08001192   Section        0  stm32f1xx_hal_tim_ex.o(i.HAL_TIMEx_CommutationCallback)
    i.HAL_TIMEx_MasterConfigSynchronization  0x08001194   Section        0  stm32f1xx_hal_tim_ex.o(i.HAL_TIMEx_MasterConfigSynchronization)
    i.HAL_TIM_Base_Init                      0x080011e4   Section        0  stm32f1xx_hal_tim.o(i.HAL_TIM_Base_Init)
    i.HAL_TIM_Base_MspInit                   0x0800121c   Section        0  tim.o(i.HAL_TIM_Base_MspInit)
    i.HAL_TIM_Base_Start_IT                  0x0800128c   Section        0  stm32f1xx_hal_tim.o(i.HAL_TIM_Base_Start_IT)
    i.HAL_TIM_ConfigClockSource              0x080012a4   Section        0  stm32f1xx_hal_tim.o(i.HAL_TIM_ConfigClockSource)
    i.HAL_TIM_IC_CaptureCallback             0x08001396   Section        0  stm32f1xx_hal_tim.o(i.HAL_TIM_IC_CaptureCallback)
    i.HAL_TIM_IRQHandler                     0x08001398   Section        0  stm32f1xx_hal_tim.o(i.HAL_TIM_IRQHandler)
    i.HAL_TIM_MspPostInit                    0x08001500   Section        0  tim.o(i.HAL_TIM_MspPostInit)
    i.HAL_TIM_OC_DelayElapsedCallback        0x08001524   Section        0  stm32f1xx_hal_tim.o(i.HAL_TIM_OC_DelayElapsedCallback)
    i.HAL_TIM_PWM_ConfigChannel              0x08001526   Section        0  stm32f1xx_hal_tim.o(i.HAL_TIM_PWM_ConfigChannel)
    i.HAL_TIM_PWM_Init                       0x080015f6   Section        0  stm32f1xx_hal_tim.o(i.HAL_TIM_PWM_Init)
    i.HAL_TIM_PWM_MspInit                    0x0800162c   Section        0  stm32f1xx_hal_tim.o(i.HAL_TIM_PWM_MspInit)
    i.HAL_TIM_PWM_PulseFinishedCallback      0x0800162e   Section        0  stm32f1xx_hal_tim.o(i.HAL_TIM_PWM_PulseFinishedCallback)
    i.HAL_TIM_PWM_Start                      0x08001630   Section        0  stm32f1xx_hal_tim.o(i.HAL_TIM_PWM_Start)
    i.HAL_TIM_PeriodElapsedCallback          0x08001660   Section        0  traffic8.o(i.HAL_TIM_PeriodElapsedCallback)
    i.HAL_TIM_SlaveConfigSynchronization     0x08001674   Section        0  stm32f1xx_hal_tim.o(i.HAL_TIM_SlaveConfigSynchronization)
    i.HAL_TIM_TriggerCallback                0x080016b6   Section        0  stm32f1xx_hal_tim.o(i.HAL_TIM_TriggerCallback)
    i.HAL_UART_Init                          0x080016b8   Section        0  stm32f1xx_hal_uart.o(i.HAL_UART_Init)
    i.HAL_UART_MspInit                       0x0800171c   Section        0  usart.o(i.HAL_UART_MspInit)
    i.HAL_UART_Transmit                      0x08001784   Section        0  stm32f1xx_hal_uart.o(i.HAL_UART_Transmit)
    i.HardFault_Handler                      0x0800183e   Section        0  stm32f1xx_it_traffic.o(i.HardFault_Handler)
    i.MX_GPIO_Init                           0x08001840   Section        0  gpio.o(i.MX_GPIO_Init)
    i.MX_TIM2_Init                           0x08001910   Section        0  tim.o(i.MX_TIM2_Init)
    i.MX_TIM3_Init                           0x080019d0   Section        0  tim.o(i.MX_TIM3_Init)
    i.MX_USART1_UART_Init                    0x08001a48   Section        0  usart.o(i.MX_USART1_UART_Init)
    i.MemManage_Handler                      0x08001a94   Section        0  stm32f1xx_it_traffic.o(i.MemManage_Handler)
    i.NMI_Handler                            0x08001a96   Section        0  stm32f1xx_it_traffic.o(i.NMI_Handler)
    i.NVIC_SetPriority                       0x08001a98   Section        0  stm32f1xx_hal_cortex.o(i.NVIC_SetPriority)
    NVIC_SetPriority                         0x08001a99   Thumb Code    32  stm32f1xx_hal_cortex.o(i.NVIC_SetPriority)
    i.SysTick_Handler                        0x08001ab8   Section        0  stm32f1xx_it_traffic.o(i.SysTick_Handler)
    i.SystemClock_Config                     0x08001abc   Section        0  traffic8.o(i.SystemClock_Config)
    i.SystemInit                             0x08001b24   Section        0  system_stm32f1xx.o(i.SystemInit)
    i.TIM1_UP_IRQHandler                     0x08001b6c   Section        0  stm32f1xx_it_traffic.o(i.TIM1_UP_IRQHandler)
    i.TIM_Base_SetConfig                     0x08001b78   Section        0  stm32f1xx_hal_tim.o(i.TIM_Base_SetConfig)
    i.TIM_CCxChannelCmd                      0x08001be4   Section        0  stm32f1xx_hal_tim.o(i.TIM_CCxChannelCmd)
    i.TIM_ETR_SetConfig                      0x08001bfa   Section        0  stm32f1xx_hal_tim.o(i.TIM_ETR_SetConfig)
    TIM_ETR_SetConfig                        0x08001bfb   Thumb Code    20  stm32f1xx_hal_tim.o(i.TIM_ETR_SetConfig)
    i.TIM_ITRx_SetConfig                     0x08001c0e   Section        0  stm32f1xx_hal_tim.o(i.TIM_ITRx_SetConfig)
    TIM_ITRx_SetConfig                       0x08001c0f   Thumb Code    16  stm32f1xx_hal_tim.o(i.TIM_ITRx_SetConfig)
    i.TIM_OC1_SetConfig                      0x08001c20   Section        0  stm32f1xx_hal_tim.o(i.TIM_OC1_SetConfig)
    TIM_OC1_SetConfig                        0x08001c21   Thumb Code    74  stm32f1xx_hal_tim.o(i.TIM_OC1_SetConfig)
    i.TIM_OC2_SetConfig                      0x08001c70   Section        0  stm32f1xx_hal_tim.o(i.TIM_OC2_SetConfig)
    i.TIM_OC3_SetConfig                      0x08001cc8   Section        0  stm32f1xx_hal_tim.o(i.TIM_OC3_SetConfig)
    TIM_OC3_SetConfig                        0x08001cc9   Thumb Code    82  stm32f1xx_hal_tim.o(i.TIM_OC3_SetConfig)
    i.TIM_OC4_SetConfig                      0x08001d20   Section        0  stm32f1xx_hal_tim.o(i.TIM_OC4_SetConfig)
    TIM_OC4_SetConfig                        0x08001d21   Thumb Code    64  stm32f1xx_hal_tim.o(i.TIM_OC4_SetConfig)
    i.TIM_SlaveTimer_SetConfig               0x08001d64   Section        0  stm32f1xx_hal_tim.o(i.TIM_SlaveTimer_SetConfig)
    TIM_SlaveTimer_SetConfig                 0x08001d65   Thumb Code   124  stm32f1xx_hal_tim.o(i.TIM_SlaveTimer_SetConfig)
    i.TIM_TI1_ConfigInputStage               0x08001de0   Section        0  stm32f1xx_hal_tim.o(i.TIM_TI1_ConfigInputStage)
    TIM_TI1_ConfigInputStage                 0x08001de1   Thumb Code    34  stm32f1xx_hal_tim.o(i.TIM_TI1_ConfigInputStage)
    i.TIM_TI2_ConfigInputStage               0x08001e02   Section        0  stm32f1xx_hal_tim.o(i.TIM_TI2_ConfigInputStage)
    TIM_TI2_ConfigInputStage                 0x08001e03   Thumb Code    36  stm32f1xx_hal_tim.o(i.TIM_TI2_ConfigInputStage)
    i.UART_SetConfig                         0x08001e28   Section        0  stm32f1xx_hal_uart.o(i.UART_SetConfig)
    UART_SetConfig                           0x08001e29   Thumb Code   364  stm32f1xx_hal_uart.o(i.UART_SetConfig)
    i.UART_WaitOnFlagUntilTimeout            0x08001f98   Section        0  stm32f1xx_hal_uart.o(i.UART_WaitOnFlagUntilTimeout)
    UART_WaitOnFlagUntilTimeout              0x08001f99   Thumb Code   100  stm32f1xx_hal_uart.o(i.UART_WaitOnFlagUntilTimeout)
    i.USART1_IRQHandler                      0x08001ffc   Section        0  stm32f1xx_it_traffic.o(i.USART1_IRQHandler)
    i.UsageFault_Handler                     0x08002050   Section        0  stm32f1xx_it_traffic.o(i.UsageFault_Handler)
    i._Error_Handler                         0x08002052   Section        0  traffic8.o(i._Error_Handler)
    i.__0printf$8                            0x08002054   Section        0  printf8.o(i.__0printf$8)
    i.__0sprintf$8                           0x08002074   Section        0  printf8.o(i.__0sprintf$8)
    i.__scatterload_copy                     0x0800209c   Section       14  handlers.o(i.__scatterload_copy)
    i.__scatterload_null                     0x080020aa   Section        2  handlers.o(i.__scatterload_null)
    i.__scatterload_zeroinit                 0x080020ac   Section       14  handlers.o(i.__scatterload_zeroinit)
    i._printf_core                           0x080020bc   Section        0  printf8.o(i._printf_core)
    _printf_core                             0x080020bd   Thumb Code   996  printf8.o(i._printf_core)
    i._printf_post_padding                   0x080024cc   Section        0  printf8.o(i._printf_post_padding)
    _printf_post_padding                     0x080024cd   Thumb Code    36  printf8.o(i._printf_post_padding)
    i._printf_pre_padding                    0x080024f0   Section        0  printf8.o(i._printf_pre_padding)
    _printf_pre_padding                      0x080024f1   Thumb Code    46  printf8.o(i._printf_pre_padding)
    i._sputc                                 0x0800251e   Section        0  printf8.o(i._sputc)
    _sputc                                   0x0800251f   Thumb Code    10  printf8.o(i._sputc)
    i.command                                0x08002528   Section        0  traffic8.o(i.command)
    i.controleur                             0x0800275c   Section        0  traffic8.o(i.controleur)
    i.delay                                  0x08002798   Section        0  lcd_4bit.o(i.delay)
    delay                                    0x08002799   Thumb Code     6  lcd_4bit.o(i.delay)
    i.fputc                                  0x080027a0   Section        0  basic_io.o(i.fputc)
    i.generation_temps                       0x080027d4   Section        0  traffic8.o(i.generation_temps)
    i.lcd_clear                              0x080028e0   Section        0  lcd_4bit.o(i.lcd_clear)
    i.lcd_init                               0x080028f4   Section        0  lcd_4bit.o(i.lcd_init)
    i.lcd_print                              0x0800299c   Section        0  lcd_4bit.o(i.lcd_print)
    i.lcd_putchar                            0x080029b0   Section        0  lcd_4bit.o(i.lcd_putchar)
    i.lcd_read_status                        0x080029d8   Section        0  lcd_4bit.o(i.lcd_read_status)
    lcd_read_status                          0x080029d9   Thumb Code   134  lcd_4bit.o(i.lcd_read_status)
    i.lcd_write_4bit                         0x08002a68   Section        0  lcd_4bit.o(i.lcd_write_4bit)
    i.lcd_write_cmd                          0x08002ab0   Section        0  lcd_4bit.o(i.lcd_write_cmd)
    i.lect_H                                 0x08002ad8   Section        0  traffic8.o(i.lect_H)
    i.lecture_BP                             0x08002b50   Section        0  traffic8.o(i.lecture_BP)
    i.main                                   0x08002be8   Section        0  traffic8.o(i.main)
    i.osSystickHandler                       0x08002cc4   Section        0  cmsis_os.o(i.osSystickHandler)
    i.prvAddCurrentTaskToDelayedList         0x08002cd8   Section        0  tasks.o(i.prvAddCurrentTaskToDelayedList)
    prvAddCurrentTaskToDelayedList           0x08002cd9   Thumb Code   102  tasks.o(i.prvAddCurrentTaskToDelayedList)
    i.prvAddNewTaskToReadyList               0x08002d48   Section        0  tasks.o(i.prvAddNewTaskToReadyList)
    prvAddNewTaskToReadyList                 0x08002d49   Thumb Code   194  tasks.o(i.prvAddNewTaskToReadyList)
    i.prvCheckTasksWaitingTermination        0x08002e18   Section        0  tasks.o(i.prvCheckTasksWaitingTermination)
    prvCheckTasksWaitingTermination          0x08002e19   Thumb Code    70  tasks.o(i.prvCheckTasksWaitingTermination)
    i.prvCopyDataFromQueue                   0x08002e68   Section        0  queue.o(i.prvCopyDataFromQueue)
    prvCopyDataFromQueue                     0x08002e69   Thumb Code    38  queue.o(i.prvCopyDataFromQueue)
    i.prvCopyDataToQueue                     0x08002e8e   Section        0  queue.o(i.prvCopyDataToQueue)
    prvCopyDataToQueue                       0x08002e8f   Thumb Code   108  queue.o(i.prvCopyDataToQueue)
    i.prvDeleteTCB                           0x08002efa   Section        0  tasks.o(i.prvDeleteTCB)
    prvDeleteTCB                             0x08002efb   Thumb Code    20  tasks.o(i.prvDeleteTCB)
    i.prvHeapInit                            0x08002f10   Section        0  heap_4.o(i.prvHeapInit)
    prvHeapInit                              0x08002f11   Thumb Code    66  heap_4.o(i.prvHeapInit)
    i.prvIdleTask                            0x08002f5c   Section        0  tasks.o(i.prvIdleTask)
    prvIdleTask                              0x08002f5d   Thumb Code    30  tasks.o(i.prvIdleTask)
    i.prvInitialiseNewTask                   0x08002f84   Section        0  tasks.o(i.prvInitialiseNewTask)
    prvInitialiseNewTask                     0x08002f85   Thumb Code   142  tasks.o(i.prvInitialiseNewTask)
    i.prvInsertBlockIntoFreeList             0x08003014   Section        0  heap_4.o(i.prvInsertBlockIntoFreeList)
    prvInsertBlockIntoFreeList               0x08003015   Thumb Code    72  heap_4.o(i.prvInsertBlockIntoFreeList)
    i.prvIsQueueEmpty                        0x08003060   Section        0  queue.o(i.prvIsQueueEmpty)
    prvIsQueueEmpty                          0x08003061   Thumb Code    28  queue.o(i.prvIsQueueEmpty)
    i.prvResetNextTaskUnblockTime            0x0800307c   Section        0  tasks.o(i.prvResetNextTaskUnblockTime)
    prvResetNextTaskUnblockTime              0x0800307d   Thumb Code    26  tasks.o(i.prvResetNextTaskUnblockTime)
    i.prvTaskExitError                       0x0800309c   Section        0  port.o(i.prvTaskExitError)
    prvTaskExitError                         0x0800309d   Thumb Code    36  port.o(i.prvTaskExitError)
    i.prvUnlockQueue                         0x080030c4   Section        0  queue.o(i.prvUnlockQueue)
    prvUnlockQueue                           0x080030c5   Thumb Code   106  queue.o(i.prvUnlockQueue)
    i.pvPortMalloc                           0x08003130   Section        0  heap_4.o(i.pvPortMalloc)
    i.pvTaskIncrementMutexHeldCount          0x08003208   Section        0  tasks.o(i.pvTaskIncrementMutexHeldCount)
    i.pxPortInitialiseStack                  0x08003220   Section        0  port.o(i.pxPortInitialiseStack)
    i.seqtrain                               0x08003244   Section        0  traffic8.o(i.seqtrain)
    i.sequenceur                             0x080033a0   Section        0  traffic8.o(i.sequenceur)
    i.set_cursor                             0x08003674   Section        0  lcd_4bit.o(i.set_cursor)
    i.uxListRemove                           0x08003688   Section        0  list.o(i.uxListRemove)
    i.vListInitialise                        0x080036ac   Section        0  list.o(i.vListInitialise)
    i.vListInitialiseItem                    0x080036c2   Section        0  list.o(i.vListInitialiseItem)
    i.vListInsert                            0x080036c8   Section        0  list.o(i.vListInsert)
    i.vListInsertEnd                         0x080036f8   Section        0  list.o(i.vListInsertEnd)
    i.vPortEnterCritical                     0x08003710   Section        0  port.o(i.vPortEnterCritical)
    i.vPortExitCritical                      0x08003750   Section        0  port.o(i.vPortExitCritical)
    i.vPortFree                              0x08003778   Section        0  heap_4.o(i.vPortFree)
    i.vPortSetupTimerInterrupt               0x080037d4   Section        0  port.o(i.vPortSetupTimerInterrupt)
    i.vPortValidateInterruptPriority         0x080037f4   Section        0  port.o(i.vPortValidateInterruptPriority)
    i.vTaskDelayUntil                        0x08003848   Section        0  tasks.o(i.vTaskDelayUntil)
    i.vTaskMissedYield                       0x080038d4   Section        0  tasks.o(i.vTaskMissedYield)
    i.vTaskPlaceOnEventList                  0x080038e0   Section        0  tasks.o(i.vTaskPlaceOnEventList)
    i.vTaskPriorityInherit                   0x08003910   Section        0  tasks.o(i.vTaskPriorityInherit)
    i.vTaskSetTimeOutState                   0x08003994   Section        0  tasks.o(i.vTaskSetTimeOutState)
    i.vTaskStartScheduler                    0x080039b8   Section        0  tasks.o(i.vTaskStartScheduler)
    i.vTaskSuspendAll                        0x08003a20   Section        0  tasks.o(i.vTaskSuspendAll)
    i.vTaskSwitchContext                     0x08003a30   Section        0  tasks.o(i.vTaskSwitchContext)
    i.wait_while_busy                        0x08003a8c   Section        0  lcd_4bit.o(i.wait_while_busy)
    wait_while_busy                          0x08003a8d   Thumb Code    14  lcd_4bit.o(i.wait_while_busy)
    i.xPortStartScheduler                    0x08003a9c   Section        0  port.o(i.xPortStartScheduler)
    i.xPortSysTickHandler                    0x08003b10   Section        0  port.o(i.xPortSysTickHandler)
    i.xQueueGenericCreate                    0x08003b3c   Section        0  queue.o(i.xQueueGenericCreate)
    i.xQueueGenericReceive                   0x08003b84   Section        0  queue.o(i.xQueueGenericReceive)
    i.xQueueGenericReset                     0x08003cf0   Section        0  queue.o(i.xQueueGenericReset)
    i.xQueueGenericSend                      0x08003d78   Section        0  queue.o(i.xQueueGenericSend)
    i.xQueueGenericSendFromISR               0x08003ed8   Section        0  queue.o(i.xQueueGenericSendFromISR)
    i.xTaskCheckForTimeOut                   0x08003f94   Section        0  tasks.o(i.xTaskCheckForTimeOut)
    i.xTaskCreate                            0x08004000   Section        0  tasks.o(i.xTaskCreate)
    i.xTaskGetSchedulerState                 0x08004058   Section        0  tasks.o(i.xTaskGetSchedulerState)
    i.xTaskGetTickCount                      0x08004074   Section        0  tasks.o(i.xTaskGetTickCount)
    i.xTaskIncrementTick                     0x08004080   Section        0  tasks.o(i.xTaskIncrementTick)
    i.xTaskPriorityDisinherit                0x08004148   Section        0  tasks.o(i.xTaskPriorityDisinherit)
    i.xTaskRemoveFromEventList               0x080041e0   Section        0  tasks.o(i.xTaskRemoveFromEventList)
    i.xTaskResumeAll                         0x08004254   Section        0  tasks.o(i.xTaskResumeAll)
    .constdata                               0x08004318   Section       16  system_stm32f1xx.o(.constdata)
    .constdata                               0x08004328   Section        8  system_stm32f1xx.o(.constdata)
    .constdata                               0x08004330   Section      587  traffic8.o(.constdata)
    .constdata                               0x0800457c   Section      128  lcd_4bit.o(.constdata)
    .constdata                               0x080045fc   Section       64  ctype_c.o(.constdata)
    .conststring                             0x0800463c   Section      188  traffic8.o(.conststring)
    .data                                    0x20000000   Section        4  system_stm32f1xx.o(.data)
    .data                                    0x20000004   Section       12  port.o(.data)
    ucMaxSysCallPriority                     0x20000004   Data           1  port.o(.data)
    uxCriticalNesting                        0x20000008   Data           4  port.o(.data)
    ulMaxPRIGROUPValue                       0x2000000c   Data           4  port.o(.data)
    .data                                    0x20000010   Section       60  tasks.o(.data)
    uxDeletedTasksWaitingCleanUp             0x20000014   Data           4  tasks.o(.data)
    uxCurrentNumberOfTasks                   0x20000018   Data           4  tasks.o(.data)
    xTickCount                               0x2000001c   Data           4  tasks.o(.data)
    uxTopReadyPriority                       0x20000020   Data           4  tasks.o(.data)
    xSchedulerRunning                        0x20000024   Data           4  tasks.o(.data)
    uxPendedTicks                            0x20000028   Data           4  tasks.o(.data)
    xYieldPending                            0x2000002c   Data           4  tasks.o(.data)
    xNumOfOverflows                          0x20000030   Data           4  tasks.o(.data)
    uxTaskNumber                             0x20000034   Data           4  tasks.o(.data)
    xNextTaskUnblockTime                     0x20000038   Data           4  tasks.o(.data)
    xIdleTaskHandle                          0x2000003c   Data           4  tasks.o(.data)
    uxSchedulerSuspended                     0x20000040   Data           4  tasks.o(.data)
    pxDelayedTaskList                        0x20000044   Data           4  tasks.o(.data)
    pxOverflowDelayedTaskList                0x20000048   Data           4  tasks.o(.data)
    .data                                    0x2000004c   Section       24  heap_4.o(.data)
    pxEnd                                    0x2000004c   Data           4  heap_4.o(.data)
    xFreeBytesRemaining                      0x20000050   Data           4  heap_4.o(.data)
    xMinimumEverFreeBytesRemaining           0x20000054   Data           4  heap_4.o(.data)
    xBlockAllocatedBit                       0x20000058   Data           4  heap_4.o(.data)
    xStart                                   0x2000005c   Data           8  heap_4.o(.data)
    .data                                    0x20000064   Section       68  traffic8.o(.data)
    cpt                                      0x20000064   Data           1  traffic8.o(.data)
    cpt_train                                0x20000065   Data           1  traffic8.o(.data)
    .data                                    0x200000a8   Section        4  stm32f1xx_hal.o(.data)
    .data                                    0x200000ac   Section        4  stdout.o(.data)
    .bss                                     0x200000b0   Section      240  tasks.o(.bss)
    pxReadyTasksLists                        0x200000b0   Data         140  tasks.o(.bss)
    xDelayedTaskList1                        0x2000013c   Data          20  tasks.o(.bss)
    xDelayedTaskList2                        0x20000150   Data          20  tasks.o(.bss)
    xPendingReadyList                        0x20000164   Data          20  tasks.o(.bss)
    xTasksWaitingTermination                 0x20000178   Data          20  tasks.o(.bss)
    xSuspendedTaskList                       0x2000018c   Data          20  tasks.o(.bss)
    .bss                                     0x200001a0   Section     3072  heap_4.o(.bss)
    ucHeap                                   0x200001a0   Data        3072  heap_4.o(.bss)
    .bss                                     0x20000da0   Section       64  stm32f1xx_hal_timebase_tim.o(.bss)
    .bss                                     0x20000de0   Section       64  usart.o(.bss)
    .bss                                     0x20000e20   Section       28  traffic8.o(.bss)
    .bss                                     0x20000e3c   Section      128  tim.o(.bss)
    STACK                                    0x20000ec0   Section     1024  startup_stm32f103xb.o(STACK)

    Global Symbols

    Symbol Name                              Value     Ov Type        Size  Object(Section)

    BuildAttributes$$THM_ISAv4$P$D$K$B$S$PE$A:L22UL41UL21$X:L11$S22US41US21$IEEE1$IW$USESV6$~STKCKD$USESV7$~SHL$OSPACE$ROPI$EBA8$MICROLIB$REQ8$PRES8$EABIv2 0x00000000   Number         0  anon$$obj.o ABSOLUTE
    __ARM_use_no_argv                        0x00000000   Number         0  traffic8.o ABSOLUTE
    _printf_a                                0x00000000   Number         0  stubs.o ABSOLUTE
    _printf_c                                0x00000000   Number         0  stubs.o ABSOLUTE
    _printf_charcount                        0x00000000   Number         0  stubs.o ABSOLUTE
    _printf_d                                0x00000000   Number         0  stubs.o ABSOLUTE
    _printf_e                                0x00000000   Number         0  stubs.o ABSOLUTE
    _printf_f                                0x00000000   Number         0  stubs.o ABSOLUTE
    _printf_flags                            0x00000000   Number         0  stubs.o ABSOLUTE
    _printf_fp_dec                           0x00000000   Number         0  stubs.o ABSOLUTE
    _printf_fp_hex                           0x00000000   Number         0  stubs.o ABSOLUTE
    _printf_g                                0x00000000   Number         0  stubs.o ABSOLUTE
    _printf_i                                0x00000000   Number         0  stubs.o ABSOLUTE
    _printf_int_dec                          0x00000000   Number         0  stubs.o ABSOLUTE
    _printf_l                                0x00000000   Number         0  stubs.o ABSOLUTE
    _printf_lc                               0x00000000   Number         0  stubs.o ABSOLUTE
    _printf_ll                               0x00000000   Number         0  stubs.o ABSOLUTE
    _printf_lld                              0x00000000   Number         0  stubs.o ABSOLUTE
    _printf_lli                              0x00000000   Number         0  stubs.o ABSOLUTE
    _printf_llo                              0x00000000   Number         0  stubs.o ABSOLUTE
    _printf_llu                              0x00000000   Number         0  stubs.o ABSOLUTE
    _printf_llx                              0x00000000   Number         0  stubs.o ABSOLUTE
    _printf_longlong_dec                     0x00000000   Number         0  stubs.o ABSOLUTE
    _printf_longlong_hex                     0x00000000   Number         0  stubs.o ABSOLUTE
    _printf_longlong_oct                     0x00000000   Number         0  stubs.o ABSOLUTE
    _printf_ls                               0x00000000   Number         0  stubs.o ABSOLUTE
    _printf_mbtowc                           0x00000000   Number         0  stubs.o ABSOLUTE
    _printf_n                                0x00000000   Number         0  stubs.o ABSOLUTE
    _printf_o                                0x00000000   Number         0  stubs.o ABSOLUTE
    _printf_p                                0x00000000   Number         0  stubs.o ABSOLUTE
    _printf_percent                          0x00000000   Number         0  stubs.o ABSOLUTE
    _printf_pre_padding                      0x00000000   Number         0  stubs.o ABSOLUTE
    _printf_return_value                     0x00000000   Number         0  stubs.o ABSOLUTE
    _printf_s                                0x00000000   Number         0  stubs.o ABSOLUTE
    _printf_sizespec                         0x00000000   Number         0  stubs.o ABSOLUTE
    _printf_str                              0x00000000   Number         0  stubs.o ABSOLUTE
    _printf_truncate_signed                  0x00000000   Number         0  stubs.o ABSOLUTE
    _printf_truncate_unsigned                0x00000000   Number         0  stubs.o ABSOLUTE
    _printf_u                                0x00000000   Number         0  stubs.o ABSOLUTE
    _printf_wc                               0x00000000   Number         0  stubs.o ABSOLUTE
    _printf_wctomb                           0x00000000   Number         0  stubs.o ABSOLUTE
    _printf_widthprec                        0x00000000   Number         0  stubs.o ABSOLUTE
    _printf_x                                0x00000000   Number         0  stubs.o ABSOLUTE
    __cpp_initialize__aeabi_                  - Undefined Weak Reference
    __cxa_finalize                            - Undefined Weak Reference
    __decompress                              - Undefined Weak Reference
    _clock_init                               - Undefined Weak Reference
    _microlib_exit                            - Undefined Weak Reference
    _scanf_longlong                           - Undefined Weak Reference
    _scanf_real                               - Undefined Weak Reference
    _scanf_string                             - Undefined Weak Reference
    __Vectors_Size                           0x000000ec   Number         0  startup_stm32f103xb.o ABSOLUTE
    __Vectors                                0x08000000   Data           4  startup_stm32f103xb.o(RESET)
    __Vectors_End                            0x080000ec   Data           0  startup_stm32f103xb.o(RESET)
    __main                                   0x080000ed   Thumb Code     0  entry.o(.ARM.Collect$$$$00000000)
    _main_stk                                0x080000ed   Thumb Code     0  entry2.o(.ARM.Collect$$$$00000001)
    _main_scatterload                        0x080000f1   Thumb Code     0  entry5.o(.ARM.Collect$$$$00000004)
    __main_after_scatterload                 0x080000f5   Thumb Code     0  entry5.o(.ARM.Collect$$$$00000004)
    _main_clock                              0x080000f5   Thumb Code     0  entry7b.o(.ARM.Collect$$$$00000008)
    _main_cpp_init                           0x080000f5   Thumb Code     0  entry8b.o(.ARM.Collect$$$$0000000A)
    _main_init                               0x080000f5   Thumb Code     0  entry9a.o(.ARM.Collect$$$$0000000B)
    __rt_final_cpp                           0x080000fd   Thumb Code     0  entry10a.o(.ARM.Collect$$$$0000000D)
    __rt_final_exit                          0x080000fd   Thumb Code     0  entry11a.o(.ARM.Collect$$$$0000000F)
    SVC_Handler                              0x08000101   Thumb Code    32  port.o(.emb_text)
    __asm___6_port_c_39a90d8d__prvStartFirstTask 0x08000125   Thumb Code    28  port.o(.emb_text)
    PendSV_Handler                           0x08000145   Thumb Code    72  port.o(.emb_text)
    vPortGetIPSR                             0x08000191   Thumb Code     6  port.o(.emb_text)
    Reset_Handler                            0x08000199   Thumb Code     8  startup_stm32f103xb.o(.text)
    ADC1_2_IRQHandler                        0x080001b3   Thumb Code     0  startup_stm32f103xb.o(.text)
    CAN1_RX1_IRQHandler                      0x080001b3   Thumb Code     0  startup_stm32f103xb.o(.text)
    CAN1_SCE_IRQHandler                      0x080001b3   Thumb Code     0  startup_stm32f103xb.o(.text)
    DMA1_Channel1_IRQHandler                 0x080001b3   Thumb Code     0  startup_stm32f103xb.o(.text)
    DMA1_Channel2_IRQHandler                 0x080001b3   Thumb Code     0  startup_stm32f103xb.o(.text)
    DMA1_Channel3_IRQHandler                 0x080001b3   Thumb Code     0  startup_stm32f103xb.o(.text)
    DMA1_Channel4_IRQHandler                 0x080001b3   Thumb Code     0  startup_stm32f103xb.o(.text)
    DMA1_Channel5_IRQHandler                 0x080001b3   Thumb Code     0  startup_stm32f103xb.o(.text)
    DMA1_Channel6_IRQHandler                 0x080001b3   Thumb Code     0  startup_stm32f103xb.o(.text)
    DMA1_Channel7_IRQHandler                 0x080001b3   Thumb Code     0  startup_stm32f103xb.o(.text)
    EXTI0_IRQHandler                         0x080001b3   Thumb Code     0  startup_stm32f103xb.o(.text)
    EXTI15_10_IRQHandler                     0x080001b3   Thumb Code     0  startup_stm32f103xb.o(.text)
    EXTI2_IRQHandler                         0x080001b3   Thumb Code     0  startup_stm32f103xb.o(.text)
    EXTI3_IRQHandler                         0x080001b3   Thumb Code     0  startup_stm32f103xb.o(.text)
    EXTI4_IRQHandler                         0x080001b3   Thumb Code     0  startup_stm32f103xb.o(.text)
    FLASH_IRQHandler                         0x080001b3   Thumb Code     0  startup_stm32f103xb.o(.text)
    I2C1_ER_IRQHandler                       0x080001b3   Thumb Code     0  startup_stm32f103xb.o(.text)
    I2C1_EV_IRQHandler                       0x080001b3   Thumb Code     0  startup_stm32f103xb.o(.text)
    I2C2_ER_IRQHandler                       0x080001b3   Thumb Code     0  startup_stm32f103xb.o(.text)
    I2C2_EV_IRQHandler                       0x080001b3   Thumb Code     0  startup_stm32f103xb.o(.text)
    PVD_IRQHandler                           0x080001b3   Thumb Code     0  startup_stm32f103xb.o(.text)
    RCC_IRQHandler                           0x080001b3   Thumb Code     0  startup_stm32f103xb.o(.text)
    RTC_Alarm_IRQHandler                     0x080001b3   Thumb Code     0  startup_stm32f103xb.o(.text)
    RTC_IRQHandler                           0x080001b3   Thumb Code     0  startup_stm32f103xb.o(.text)
    SPI1_IRQHandler                          0x080001b3   Thumb Code     0  startup_stm32f103xb.o(.text)
    SPI2_IRQHandler                          0x080001b3   Thumb Code     0  startup_stm32f103xb.o(.text)
    TAMPER_IRQHandler                        0x080001b3   Thumb Code     0  startup_stm32f103xb.o(.text)
    TIM1_BRK_IRQHandler                      0x080001b3   Thumb Code     0  startup_stm32f103xb.o(.text)
    TIM1_CC_IRQHandler                       0x080001b3   Thumb Code     0  startup_stm32f103xb.o(.text)
    TIM1_TRG_COM_IRQHandler                  0x080001b3   Thumb Code     0  startup_stm32f103xb.o(.text)
    TIM2_IRQHandler                          0x080001b3   Thumb Code     0  startup_stm32f103xb.o(.text)
    TIM3_IRQHandler                          0x080001b3   Thumb Code     0  startup_stm32f103xb.o(.text)
    TIM4_IRQHandler                          0x080001b3   Thumb Code     0  startup_stm32f103xb.o(.text)
    USART2_IRQHandler                        0x080001b3   Thumb Code     0  startup_stm32f103xb.o(.text)
    USART3_IRQHandler                        0x080001b3   Thumb Code     0  startup_stm32f103xb.o(.text)
    USBWakeUp_IRQHandler                     0x080001b3   Thumb Code     0  startup_stm32f103xb.o(.text)
    USB_HP_CAN1_TX_IRQHandler                0x080001b3   Thumb Code     0  startup_stm32f103xb.o(.text)
    USB_LP_CAN1_RX0_IRQHandler               0x080001b3   Thumb Code     0  startup_stm32f103xb.o(.text)
    WWDG_IRQHandler                          0x080001b3   Thumb Code     0  startup_stm32f103xb.o(.text)
    __aeabi_llsr                             0x080001bd   Thumb Code    32  llushr.o(.text)
    _ll_ushift_r                             0x080001bd   Thumb Code     0  llushr.o(.text)
    toupper                                  0x080001dd   Thumb Code    12  toupper.o(.text)
    __aeabi_memcpy                           0x080001e9   Thumb Code    36  memcpya.o(.text)
    __aeabi_memcpy4                          0x080001e9   Thumb Code     0  memcpya.o(.text)
    __aeabi_memcpy8                          0x080001e9   Thumb Code     0  memcpya.o(.text)
    memcmp                                   0x0800020d   Thumb Code    26  memcmp.o(.text)
    __0sscanf                                0x08000229   Thumb Code    48  __0sscanf.o(.text)
    _scanf_int                               0x08000261   Thumb Code   332  _scanf_int.o(.text)
    __aeabi_uldivmod                         0x080003ad   Thumb Code    98  uldiv.o(.text)
    _chval                                   0x0800040f   Thumb Code    28  _chval.o(.text)
    __vfscanf_char                           0x08000439   Thumb Code    20  scanf_char.o(.text)
    _sgetc                                   0x08000455   Thumb Code    30  _sgetc.o(.text)
    _sbackspace                              0x08000473   Thumb Code    34  _sgetc.o(.text)
    __scatterload                            0x08000495   Thumb Code    28  init.o(.text)
    __scatterload_rt2                        0x08000495   Thumb Code     0  init.o(.text)
    __aeabi_llsl                             0x080004b9   Thumb Code    30  llshl.o(.text)
    _ll_shift_l                              0x080004b9   Thumb Code     0  llshl.o(.text)
    isspace                                  0x080004d7   Thumb Code    10  isspace_c.o(.text)
    __vfscanf                                0x080004e1   Thumb Code   808  _scanf.o(.text)
    __ctype_lookup                           0x0800080d   Thumb Code    34  ctype_c.o(.text)
    BusFault_Handler                         0x08000835   Thumb Code     2  stm32f1xx_it_traffic.o(i.BusFault_Handler)
    DebugMon_Handler                         0x08000837   Thumb Code     2  stm32f1xx_it_traffic.o(i.DebugMon_Handler)
    EXTI1_IRQHandler                         0x08000839   Thumb Code    12  stm32f1xx_it_traffic.o(i.EXTI1_IRQHandler)
    EXTI9_5_IRQHandler                       0x08000849   Thumb Code    12  stm32f1xx_it_traffic.o(i.EXTI9_5_IRQHandler)
    HAL_GPIO_EXTI_Callback                   0x08000859   Thumb Code     2  stm32f1xx_hal_gpio.o(i.HAL_GPIO_EXTI_Callback)
    HAL_GPIO_EXTI_IRQHandler                 0x0800085d   Thumb Code    18  stm32f1xx_hal_gpio.o(i.HAL_GPIO_EXTI_IRQHandler)
    HAL_GPIO_Init                            0x08000875   Thumb Code   408  stm32f1xx_hal_gpio.o(i.HAL_GPIO_Init)
    HAL_GPIO_ReadPin                         0x08000a31   Thumb Code    10  stm32f1xx_hal_gpio.o(i.HAL_GPIO_ReadPin)
    HAL_GPIO_TogglePin                       0x08000a3b   Thumb Code     8  stm32f1xx_hal_gpio.o(i.HAL_GPIO_TogglePin)
    HAL_GPIO_WritePin                        0x08000a43   Thumb Code    10  stm32f1xx_hal_gpio.o(i.HAL_GPIO_WritePin)
    HAL_GetTick                              0x08000a4d   Thumb Code     6  stm32f1xx_hal.o(i.HAL_GetTick)
    HAL_IncTick                              0x08000a59   Thumb Code    10  stm32f1xx_hal.o(i.HAL_IncTick)
    HAL_Init                                 0x08000a69   Thumb Code    32  stm32f1xx_hal.o(i.HAL_Init)
    HAL_InitTick                             0x08000a8d   Thumb Code    98  stm32f1xx_hal_timebase_tim.o(i.HAL_InitTick)
    HAL_MspInit                              0x08000b01   Thumb Code   122  stm32f1xx_hal_msp.o(i.HAL_MspInit)
    HAL_NVIC_EnableIRQ                       0x08000b85   Thumb Code    22  stm32f1xx_hal_cortex.o(i.HAL_NVIC_EnableIRQ)
    HAL_NVIC_SetPriority                     0x08000b9d   Thumb Code    60  stm32f1xx_hal_cortex.o(i.HAL_NVIC_SetPriority)
    HAL_NVIC_SetPriorityGrouping             0x08000bdd   Thumb Code    26  stm32f1xx_hal_cortex.o(i.HAL_NVIC_SetPriorityGrouping)
    HAL_RCC_ClockConfig                      0x08000c01   Thumb Code   322  stm32f1xx_hal_rcc.o(i.HAL_RCC_ClockConfig)
    HAL_RCC_GetClockConfig                   0x08000d55   Thumb Code    54  stm32f1xx_hal_rcc.o(i.HAL_RCC_GetClockConfig)
    HAL_RCC_GetHCLKFreq                      0x08000d95   Thumb Code     6  stm32f1xx_hal_rcc.o(i.HAL_RCC_GetHCLKFreq)
    HAL_RCC_GetPCLK1Freq                     0x08000da1   Thumb Code    20  stm32f1xx_hal_rcc.o(i.HAL_RCC_GetPCLK1Freq)
    HAL_RCC_GetPCLK2Freq                     0x08000dc1   Thumb Code    20  stm32f1xx_hal_rcc.o(i.HAL_RCC_GetPCLK2Freq)
    HAL_RCC_GetSysClockFreq                  0x08000de1   Thumb Code    74  stm32f1xx_hal_rcc.o(i.HAL_RCC_GetSysClockFreq)
    HAL_RCC_OscConfig                        0x08000e4d   Thumb Code   750  stm32f1xx_hal_rcc.o(i.HAL_RCC_OscConfig)
    HAL_SYSTICK_CLKSourceConfig              0x08001151   Thumb Code    24  stm32f1xx_hal_cortex.o(i.HAL_SYSTICK_CLKSourceConfig)
    HAL_SYSTICK_Config                       0x08001169   Thumb Code    40  stm32f1xx_hal_cortex.o(i.HAL_SYSTICK_Config)
    HAL_TIMEx_BreakCallback                  0x08001191   Thumb Code     2  stm32f1xx_hal_tim_ex.o(i.HAL_TIMEx_BreakCallback)
    HAL_TIMEx_CommutationCallback            0x08001193   Thumb Code     2  stm32f1xx_hal_tim_ex.o(i.HAL_TIMEx_CommutationCallback)
    HAL_TIMEx_MasterConfigSynchronization    0x08001195   Thumb Code    80  stm32f1xx_hal_tim_ex.o(i.HAL_TIMEx_MasterConfigSynchronization)
    HAL_TIM_Base_Init                        0x080011e5   Thumb Code    54  stm32f1xx_hal_tim.o(i.HAL_TIM_Base_Init)
    HAL_TIM_Base_MspInit                     0x0800121d   Thumb Code    94  tim.o(i.HAL_TIM_Base_MspInit)
    HAL_TIM_Base_Start_IT                    0x0800128d   Thumb Code    24  stm32f1xx_hal_tim.o(i.HAL_TIM_Base_Start_IT)
    HAL_TIM_ConfigClockSource                0x080012a5   Thumb Code   242  stm32f1xx_hal_tim.o(i.HAL_TIM_ConfigClockSource)
    HAL_TIM_IC_CaptureCallback               0x08001397   Thumb Code     2  stm32f1xx_hal_tim.o(i.HAL_TIM_IC_CaptureCallback)
    HAL_TIM_IRQHandler                       0x08001399   Thumb Code   358  stm32f1xx_hal_tim.o(i.HAL_TIM_IRQHandler)
    HAL_TIM_MspPostInit                      0x08001501   Thumb Code    30  tim.o(i.HAL_TIM_MspPostInit)
    HAL_TIM_OC_DelayElapsedCallback          0x08001525   Thumb Code     2  stm32f1xx_hal_tim.o(i.HAL_TIM_OC_DelayElapsedCallback)
    HAL_TIM_PWM_ConfigChannel                0x08001527   Thumb Code   208  stm32f1xx_hal_tim.o(i.HAL_TIM_PWM_ConfigChannel)
    HAL_TIM_PWM_Init                         0x080015f7   Thumb Code    54  stm32f1xx_hal_tim.o(i.HAL_TIM_PWM_Init)
    HAL_TIM_PWM_MspInit                      0x0800162d   Thumb Code     2  stm32f1xx_hal_tim.o(i.HAL_TIM_PWM_MspInit)
    HAL_TIM_PWM_PulseFinishedCallback        0x0800162f   Thumb Code     2  stm32f1xx_hal_tim.o(i.HAL_TIM_PWM_PulseFinishedCallback)
    HAL_TIM_PWM_Start                        0x08001631   Thumb Code    42  stm32f1xx_hal_tim.o(i.HAL_TIM_PWM_Start)
    HAL_TIM_PeriodElapsedCallback            0x08001661   Thumb Code    14  traffic8.o(i.HAL_TIM_PeriodElapsedCallback)
    HAL_TIM_SlaveConfigSynchronization       0x08001675   Thumb Code    66  stm32f1xx_hal_tim.o(i.HAL_TIM_SlaveConfigSynchronization)
    HAL_TIM_TriggerCallback                  0x080016b7   Thumb Code     2  stm32f1xx_hal_tim.o(i.HAL_TIM_TriggerCallback)
    HAL_UART_Init                            0x080016b9   Thumb Code    98  stm32f1xx_hal_uart.o(i.HAL_UART_Init)
    HAL_UART_MspInit                         0x0800171d   Thumb Code    92  usart.o(i.HAL_UART_MspInit)
    HAL_UART_Transmit                        0x08001785   Thumb Code   186  stm32f1xx_hal_uart.o(i.HAL_UART_Transmit)
    HardFault_Handler                        0x0800183f   Thumb Code     2  stm32f1xx_it_traffic.o(i.HardFault_Handler)
    MX_GPIO_Init                             0x08001841   Thumb Code   192  gpio.o(i.MX_GPIO_Init)
    MX_TIM2_Init                             0x08001911   Thumb Code   172  tim.o(i.MX_TIM2_Init)
    MX_TIM3_Init                             0x080019d1   Thumb Code    94  tim.o(i.MX_TIM3_Init)
    MX_USART1_UART_Init                      0x08001a49   Thumb Code    52  usart.o(i.MX_USART1_UART_Init)
    MemManage_Handler                        0x08001a95   Thumb Code     2  stm32f1xx_it_traffic.o(i.MemManage_Handler)
    NMI_Handler                              0x08001a97   Thumb Code     2  stm32f1xx_it_traffic.o(i.NMI_Handler)
    SysTick_Handler                          0x08001ab9   Thumb Code     4  stm32f1xx_it_traffic.o(i.SysTick_Handler)
    SystemClock_Config                       0x08001abd   Thumb Code   104  traffic8.o(i.SystemClock_Config)
    SystemInit                               0x08001b25   Thumb Code    56  system_stm32f1xx.o(i.SystemInit)
    TIM1_UP_IRQHandler                       0x08001b6d   Thumb Code     6  stm32f1xx_it_traffic.o(i.TIM1_UP_IRQHandler)
    TIM_Base_SetConfig                       0x08001b79   Thumb Code    94  stm32f1xx_hal_tim.o(i.TIM_Base_SetConfig)
    TIM_CCxChannelCmd                        0x08001be5   Thumb Code    22  stm32f1xx_hal_tim.o(i.TIM_CCxChannelCmd)
    TIM_OC2_SetConfig                        0x08001c71   Thumb Code    84  stm32f1xx_hal_tim.o(i.TIM_OC2_SetConfig)
    USART1_IRQHandler                        0x08001ffd   Thumb Code    68  stm32f1xx_it_traffic.o(i.USART1_IRQHandler)
    UsageFault_Handler                       0x08002051   Thumb Code     2  stm32f1xx_it_traffic.o(i.UsageFault_Handler)
    _Error_Handler                           0x08002053   Thumb Code     2  traffic8.o(i._Error_Handler)
    __0printf$8                              0x08002055   Thumb Code    22  printf8.o(i.__0printf$8)
    __1printf$8                              0x08002055   Thumb Code     0  printf8.o(i.__0printf$8)
    __2printf                                0x08002055   Thumb Code     0  printf8.o(i.__0printf$8)
    __0sprintf$8                             0x08002075   Thumb Code    34  printf8.o(i.__0sprintf$8)
    __1sprintf$8                             0x08002075   Thumb Code     0  printf8.o(i.__0sprintf$8)
    __2sprintf                               0x08002075   Thumb Code     0  printf8.o(i.__0sprintf$8)
    __scatterload_copy                       0x0800209d   Thumb Code    14  handlers.o(i.__scatterload_copy)
    __scatterload_null                       0x080020ab   Thumb Code     2  handlers.o(i.__scatterload_null)
    __scatterload_zeroinit                   0x080020ad   Thumb Code    14  handlers.o(i.__scatterload_zeroinit)
    command                                  0x08002529   Thumb Code   396  traffic8.o(i.command)
    controleur                               0x0800275d   Thumb Code    54  traffic8.o(i.controleur)
    fputc                                    0x080027a1   Thumb Code    42  basic_io.o(i.fputc)
    generation_temps                         0x080027d5   Thumb Code   260  traffic8.o(i.generation_temps)
    lcd_clear                                0x080028e1   Thumb Code    20  lcd_4bit.o(i.lcd_clear)
    lcd_init                                 0x080028f5   Thumb Code   146  lcd_4bit.o(i.lcd_init)
    lcd_print                                0x0800299d   Thumb Code    20  lcd_4bit.o(i.lcd_print)
    lcd_putchar                              0x080029b1   Thumb Code    34  lcd_4bit.o(i.lcd_putchar)
    lcd_write_4bit                           0x08002a69   Thumb Code    64  lcd_4bit.o(i.lcd_write_4bit)
    lcd_write_cmd                            0x08002ab1   Thumb Code    34  lcd_4bit.o(i.lcd_write_cmd)
    lect_H                                   0x08002ad9   Thumb Code    66  traffic8.o(i.lect_H)
    lecture_BP                               0x08002b51   Thumb Code   100  traffic8.o(i.lecture_BP)
    main                                     0x08002be9   Thumb Code   162  traffic8.o(i.main)
    osSystickHandler                         0x08002cc5   Thumb Code    20  cmsis_os.o(i.osSystickHandler)
    pvPortMalloc                             0x08003131   Thumb Code   210  heap_4.o(i.pvPortMalloc)
    pvTaskIncrementMutexHeldCount            0x08003209   Thumb Code    18  tasks.o(i.pvTaskIncrementMutexHeldCount)
    pxPortInitialiseStack                    0x08003221   Thumb Code    32  port.o(i.pxPortInitialiseStack)
    seqtrain                                 0x08003245   Thumb Code   338  traffic8.o(i.seqtrain)
    sequenceur                               0x080033a1   Thumb Code   656  traffic8.o(i.sequenceur)
    set_cursor                               0x08003675   Thumb Code    20  lcd_4bit.o(i.set_cursor)
    uxListRemove                             0x08003689   Thumb Code    36  list.o(i.uxListRemove)
    vListInitialise                          0x080036ad   Thumb Code    22  list.o(i.vListInitialise)
    vListInitialiseItem                      0x080036c3   Thumb Code     6  list.o(i.vListInitialiseItem)
    vListInsert                              0x080036c9   Thumb Code    48  list.o(i.vListInsert)
    vListInsertEnd                           0x080036f9   Thumb Code    24  list.o(i.vListInsertEnd)
    vPortEnterCritical                       0x08003711   Thumb Code    54  port.o(i.vPortEnterCritical)
    vPortExitCritical                        0x08003751   Thumb Code    34  port.o(i.vPortExitCritical)
    vPortFree                                0x08003779   Thumb Code    88  heap_4.o(i.vPortFree)
    vPortSetupTimerInterrupt                 0x080037d5   Thumb Code    26  port.o(i.vPortSetupTimerInterrupt)
    vPortValidateInterruptPriority           0x080037f5   Thumb Code    74  port.o(i.vPortValidateInterruptPriority)
    vTaskDelayUntil                          0x08003849   Thumb Code   132  tasks.o(i.vTaskDelayUntil)
    vTaskMissedYield                         0x080038d5   Thumb Code     8  tasks.o(i.vTaskMissedYield)
    vTaskPlaceOnEventList                    0x080038e1   Thumb Code    44  tasks.o(i.vTaskPlaceOnEventList)
    vTaskPriorityInherit                     0x08003911   Thumb Code   124  tasks.o(i.vTaskPriorityInherit)
    vTaskSetTimeOutState                     0x08003995   Thumb Code    30  tasks.o(i.vTaskSetTimeOutState)
    vTaskStartScheduler                      0x080039b9   Thumb Code    86  tasks.o(i.vTaskStartScheduler)
    vTaskSuspendAll                          0x08003a21   Thumb Code    10  tasks.o(i.vTaskSuspendAll)
    vTaskSwitchContext                       0x08003a31   Thumb Code    82  tasks.o(i.vTaskSwitchContext)
    xPortStartScheduler                      0x08003a9d   Thumb Code   102  port.o(i.xPortStartScheduler)
    xPortSysTickHandler                      0x08003b11   Thumb Code    38  port.o(i.xPortSysTickHandler)
    xQueueGenericCreate                      0x08003b3d   Thumb Code    72  queue.o(i.xQueueGenericCreate)
    xQueueGenericReceive                     0x08003b85   Thumb Code   360  queue.o(i.xQueueGenericReceive)
    xQueueGenericReset                       0x08003cf1   Thumb Code   132  queue.o(i.xQueueGenericReset)
    xQueueGenericSend                        0x08003d79   Thumb Code   346  queue.o(i.xQueueGenericSend)
    xQueueGenericSendFromISR                 0x08003ed9   Thumb Code   188  queue.o(i.xQueueGenericSendFromISR)
    xTaskCheckForTimeOut                     0x08003f95   Thumb Code   102  tasks.o(i.xTaskCheckForTimeOut)
    xTaskCreate                              0x08004001   Thumb Code    86  tasks.o(i.xTaskCreate)
    xTaskGetSchedulerState                   0x08004059   Thumb Code    22  tasks.o(i.xTaskGetSchedulerState)
    xTaskGetTickCount                        0x08004075   Thumb Code     6  tasks.o(i.xTaskGetTickCount)
    xTaskIncrementTick                       0x08004081   Thumb Code   192  tasks.o(i.xTaskIncrementTick)
    xTaskPriorityDisinherit                  0x08004149   Thumb Code   144  tasks.o(i.xTaskPriorityDisinherit)
    xTaskRemoveFromEventList                 0x080041e1   Thumb Code   108  tasks.o(i.xTaskRemoveFromEventList)
    xTaskResumeAll                           0x08004255   Thumb Code   182  tasks.o(i.xTaskResumeAll)
    AHBPrescTable                            0x08004318   Data          16  system_stm32f1xx.o(.constdata)
    APBPrescTable                            0x08004328   Data           8  system_stm32f1xx.o(.constdata)
    menu                                     0x08004330   Data         587  traffic8.o(.constdata)
    SWAP_DATA                                0x0800457c   Data          64  lcd_4bit.o(.constdata)
    UserFont                                 0x080045bc   Data          64  lcd_4bit.o(.constdata)
    __ctype_categories                       0x080045fc   Data          64  ctype_c.o(.constdata)
    Region$$Table$$Base                      0x080046f8   Number         0  anon$$obj.o(Region$$Table)
    Region$$Table$$Limit                     0x08004718   Number         0  anon$$obj.o(Region$$Table)
    SystemCoreClock                          0x20000000   Data           4  system_stm32f1xx.o(.data)
    pxCurrentTCB                             0x20000010   Data           4  tasks.o(.data)
    DPV1                                     0x20000066   Data           1  traffic8.o(.data)
    DPV2                                     0x20000067   Data           1  traffic8.o(.data)
    detect1                                  0x20000068   Data           1  traffic8.o(.data)
    detect2                                  0x20000069   Data           1  traffic8.o(.data)
    ph                                       0x2000006a   Data           1  traffic8.o(.data)
    phtrain                                  0x2000006b   Data           1  traffic8.o(.data)
    task                                     0x2000006c   Data           1  traffic8.o(.data)
    modeManuel                               0x2000006d   Data           1  traffic8.o(.data)
    nextStep                                 0x2000006e   Data           1  traffic8.o(.data)
    train                                    0x2000006f   Data           1  traffic8.o(.data)
    chaine1                                  0x20000070   Data           4  traffic8.o(.data)
    chaine2                                  0x20000074   Data           4  traffic8.o(.data)
    chaine3                                  0x20000078   Data           4  traffic8.o(.data)
    xRxQueue                                 0x2000007c   Data           4  traffic8.o(.data)
    xTxQueue                                 0x20000080   Data           4  traffic8.o(.data)
    debut                                    0x20000084   Data          12  traffic8.o(.data)
    fin                                      0x20000090   Data          12  traffic8.o(.data)
    horloge                                  0x2000009c   Data          12  traffic8.o(.data)
    uwTick                                   0x200000a8   Data           4  stm32f1xx_hal.o(.data)
    __stdout                                 0x200000ac   Data           4  stdout.o(.data)
    htim1                                    0x20000da0   Data          64  stm32f1xx_hal_timebase_tim.o(.bss)
    huart1                                   0x20000de0   Data          64  usart.o(.bss)
    aff_H                                    0x20000e20   Data          16  traffic8.o(.bss)
    v_temps                                  0x20000e30   Data          12  traffic8.o(.bss)
    htim2                                    0x20000e3c   Data          64  tim.o(.bss)
    htim3                                    0x20000e7c   Data          64  tim.o(.bss)
    __initial_sp                             0x200012c0   Data           0  startup_stm32f103xb.o(STACK)



==============================================================================

Memory Map of the image

  Image Entry point : 0x080000ed

  Load Region LR_IROM1 (Base: 0x08000000, Size: 0x000047c8, Max: 0x00020000, ABSOLUTE)

    Execution Region ER_IROM1 (Exec base: 0x08000000, Load base: 0x08000000, Size: 0x00004718, Max: 0x00020000, ABSOLUTE)

    Exec Addr    Load Addr    Size         Type   Attr      Idx    E Section Name        Object

    0x08000000   0x08000000   0x000000ec   Data   RO            3    RESET               startup_stm32f103xb.o
    0x080000ec   0x080000ec   0x00000000   Code   RO         4026  * .ARM.Collect$$$$00000000  mc_w.l(entry.o)
    0x080000ec   0x080000ec   0x00000004   Code   RO         4304    .ARM.Collect$$$$00000001  mc_w.l(entry2.o)
    0x080000f0   0x080000f0   0x00000004   Code   RO         4307    .ARM.Collect$$$$00000004  mc_w.l(entry5.o)
    0x080000f4   0x080000f4   0x00000000   Code   RO         4309    .ARM.Collect$$$$00000008  mc_w.l(entry7b.o)
    0x080000f4   0x080000f4   0x00000000   Code   RO         4311    .ARM.Collect$$$$0000000A  mc_w.l(entry8b.o)
    0x080000f4   0x080000f4   0x00000008   Code   RO         4312    .ARM.Collect$$$$0000000B  mc_w.l(entry9a.o)
    0x080000fc   0x080000fc   0x00000000   Code   RO         4314    .ARM.Collect$$$$0000000D  mc_w.l(entry10a.o)
    0x080000fc   0x080000fc   0x00000000   Code   RO         4316    .ARM.Collect$$$$0000000F  mc_w.l(entry11a.o)
    0x080000fc   0x080000fc   0x00000004   Code   RO         4305    .ARM.Collect$$$$00002712  mc_w.l(entry2.o)
    0x08000100   0x08000100   0x00000096   Code   RO          231    .emb_text           port.o
    0x08000196   0x08000196   0x00000002   PAD
    0x08000198   0x08000198   0x00000024   Code   RO            4    .text               startup_stm32f103xb.o
    0x080001bc   0x080001bc   0x00000020   Code   RO         4029    .text               mc_w.l(llushr.o)
    0x080001dc   0x080001dc   0x0000000c   Code   RO         4031    .text               mc_w.l(toupper.o)
    0x080001e8   0x080001e8   0x00000024   Code   RO         4033    .text               mc_w.l(memcpya.o)
    0x0800020c   0x0800020c   0x0000001a   Code   RO         4035    .text               mc_w.l(memcmp.o)
    0x08000226   0x08000226   0x00000002   PAD
    0x08000228   0x08000228   0x00000038   Code   RO         4300    .text               mc_w.l(__0sscanf.o)
    0x08000260   0x08000260   0x0000014c   Code   RO         4302    .text               mc_w.l(_scanf_int.o)
    0x080003ac   0x080003ac   0x00000062   Code   RO         4321    .text               mc_w.l(uldiv.o)
    0x0800040e   0x0800040e   0x0000001c   Code   RO         4323    .text               mc_w.l(_chval.o)
    0x0800042a   0x0800042a   0x00000002   PAD
    0x0800042c   0x0800042c   0x00000028   Code   RO         4325    .text               mc_w.l(scanf_char.o)
    0x08000454   0x08000454   0x00000040   Code   RO         4327    .text               mc_w.l(_sgetc.o)
    0x08000494   0x08000494   0x00000024   Code   RO         4340    .text               mc_w.l(init.o)
    0x080004b8   0x080004b8   0x0000001e   Code   RO         4342    .text               mc_w.l(llshl.o)
    0x080004d6   0x080004d6   0x0000000a   Code   RO         4346    .text               mc_w.l(isspace_c.o)
    0x080004e0   0x080004e0   0x0000032c   Code   RO         4348    .text               mc_w.l(_scanf.o)
    0x0800080c   0x0800080c   0x00000028   Code   RO         4352    .text               mc_w.l(ctype_c.o)
    0x08000834   0x08000834   0x00000002   Code   RO         1399    i.BusFault_Handler  stm32f1xx_it_traffic.o
    0x08000836   0x08000836   0x00000002   Code   RO         1400    i.DebugMon_Handler  stm32f1xx_it_traffic.o
    0x08000838   0x08000838   0x00000010   Code   RO         1401    i.EXTI1_IRQHandler  stm32f1xx_it_traffic.o
    0x08000848   0x08000848   0x00000010   Code   RO         1402    i.EXTI9_5_IRQHandler  stm32f1xx_it_traffic.o
    0x08000858   0x08000858   0x00000002   Code   RO         2073    i.HAL_GPIO_EXTI_Callback  stm32f1xx_hal_gpio.o
    0x0800085a   0x0800085a   0x00000002   PAD
    0x0800085c   0x0800085c   0x00000018   Code   RO         2074    i.HAL_GPIO_EXTI_IRQHandler  stm32f1xx_hal_gpio.o
    0x08000874   0x08000874   0x000001bc   Code   RO         2075    i.HAL_GPIO_Init     stm32f1xx_hal_gpio.o
    0x08000a30   0x08000a30   0x0000000a   Code   RO         2077    i.HAL_GPIO_ReadPin  stm32f1xx_hal_gpio.o
    0x08000a3a   0x08000a3a   0x00000008   Code   RO         2078    i.HAL_GPIO_TogglePin  stm32f1xx_hal_gpio.o
    0x08000a42   0x08000a42   0x0000000a   Code   RO         2079    i.HAL_GPIO_WritePin  stm32f1xx_hal_gpio.o
    0x08000a4c   0x08000a4c   0x0000000c   Code   RO         2382    i.HAL_GetTick       stm32f1xx_hal.o
    0x08000a58   0x08000a58   0x00000010   Code   RO         2384    i.HAL_IncTick       stm32f1xx_hal.o
    0x08000a68   0x08000a68   0x00000024   Code   RO         2385    i.HAL_Init          stm32f1xx_hal.o
    0x08000a8c   0x08000a8c   0x00000074   Code   RO         1250    i.HAL_InitTick      stm32f1xx_hal_timebase_tim.o
    0x08000b00   0x08000b00   0x00000084   Code   RO         1323    i.HAL_MspInit       stm32f1xx_hal_msp.o
    0x08000b84   0x08000b84   0x00000016   Code   RO         3240    i.HAL_NVIC_EnableIRQ  stm32f1xx_hal_cortex.o
    0x08000b9a   0x08000b9a   0x00000002   PAD
    0x08000b9c   0x08000b9c   0x00000040   Code   RO         3246    i.HAL_NVIC_SetPriority  stm32f1xx_hal_cortex.o
    0x08000bdc   0x08000bdc   0x00000024   Code   RO         3247    i.HAL_NVIC_SetPriorityGrouping  stm32f1xx_hal_cortex.o
    0x08000c00   0x08000c00   0x00000154   Code   RO         3803    i.HAL_RCC_ClockConfig  stm32f1xx_hal_rcc.o
    0x08000d54   0x08000d54   0x00000040   Code   RO         3807    i.HAL_RCC_GetClockConfig  stm32f1xx_hal_rcc.o
    0x08000d94   0x08000d94   0x0000000c   Code   RO         3808    i.HAL_RCC_GetHCLKFreq  stm32f1xx_hal_rcc.o
    0x08000da0   0x08000da0   0x00000020   Code   RO         3810    i.HAL_RCC_GetPCLK1Freq  stm32f1xx_hal_rcc.o
    0x08000dc0   0x08000dc0   0x00000020   Code   RO         3811    i.HAL_RCC_GetPCLK2Freq  stm32f1xx_hal_rcc.o
    0x08000de0   0x08000de0   0x0000006c   Code   RO         3812    i.HAL_RCC_GetSysClockFreq  stm32f1xx_hal_rcc.o
    0x08000e4c   0x08000e4c   0x00000304   Code   RO         3815    i.HAL_RCC_OscConfig  stm32f1xx_hal_rcc.o
    0x08001150   0x08001150   0x00000018   Code   RO         3249    i.HAL_SYSTICK_CLKSourceConfig  stm32f1xx_hal_cortex.o
    0x08001168   0x08001168   0x00000028   Code   RO         3251    i.HAL_SYSTICK_Config  stm32f1xx_hal_cortex.o
    0x08001190   0x08001190   0x00000002   Code   RO         2138    i.HAL_TIMEx_BreakCallback  stm32f1xx_hal_tim_ex.o
    0x08001192   0x08001192   0x00000002   Code   RO         2139    i.HAL_TIMEx_CommutationCallback  stm32f1xx_hal_tim_ex.o
    0x08001194   0x08001194   0x00000050   Code   RO         2155    i.HAL_TIMEx_MasterConfigSynchronization  stm32f1xx_hal_tim_ex.o
    0x080011e4   0x080011e4   0x00000036   Code   RO         2514    i.HAL_TIM_Base_Init  stm32f1xx_hal_tim.o
    0x0800121a   0x0800121a   0x00000002   PAD
    0x0800121c   0x0800121c   0x00000070   Code   RO         1792    i.HAL_TIM_Base_MspInit  tim.o
    0x0800128c   0x0800128c   0x00000018   Code   RO         2519    i.HAL_TIM_Base_Start_IT  stm32f1xx_hal_tim.o
    0x080012a4   0x080012a4   0x000000f2   Code   RO         2523    i.HAL_TIM_ConfigClockSource  stm32f1xx_hal_tim.o
    0x08001396   0x08001396   0x00000002   Code   RO         2543    i.HAL_TIM_IC_CaptureCallback  stm32f1xx_hal_tim.o
    0x08001398   0x08001398   0x00000166   Code   RO         2556    i.HAL_TIM_IRQHandler  stm32f1xx_hal_tim.o
    0x080014fe   0x080014fe   0x00000002   PAD
    0x08001500   0x08001500   0x00000024   Code   RO         1793    i.HAL_TIM_MspPostInit  tim.o
    0x08001524   0x08001524   0x00000002   Code   RO         2559    i.HAL_TIM_OC_DelayElapsedCallback  stm32f1xx_hal_tim.o
    0x08001526   0x08001526   0x000000d0   Code   RO         2580    i.HAL_TIM_PWM_ConfigChannel  stm32f1xx_hal_tim.o
    0x080015f6   0x080015f6   0x00000036   Code   RO         2583    i.HAL_TIM_PWM_Init  stm32f1xx_hal_tim.o
    0x0800162c   0x0800162c   0x00000002   Code   RO         2585    i.HAL_TIM_PWM_MspInit  stm32f1xx_hal_tim.o
    0x0800162e   0x0800162e   0x00000002   Code   RO         2586    i.HAL_TIM_PWM_PulseFinishedCallback  stm32f1xx_hal_tim.o
    0x08001630   0x08001630   0x00000030   Code   RO         2587    i.HAL_TIM_PWM_Start  stm32f1xx_hal_tim.o
    0x08001660   0x08001660   0x00000014   Code   RO         1559    i.HAL_TIM_PeriodElapsedCallback  traffic8.o
    0x08001674   0x08001674   0x00000042   Code   RO         2595    i.HAL_TIM_SlaveConfigSynchronization  stm32f1xx_hal_tim.o
    0x080016b6   0x080016b6   0x00000002   Code   RO         2597    i.HAL_TIM_TriggerCallback  stm32f1xx_hal_tim.o
    0x080016b8   0x080016b8   0x00000062   Code   RO         3465    i.HAL_UART_Init     stm32f1xx_hal_uart.o
    0x0800171a   0x0800171a   0x00000002   PAD
    0x0800171c   0x0800171c   0x00000068   Code   RO         1518    i.HAL_UART_MspInit  usart.o
    0x08001784   0x08001784   0x000000ba   Code   RO         3473    i.HAL_UART_Transmit  stm32f1xx_hal_uart.o
    0x0800183e   0x0800183e   0x00000002   Code   RO         1403    i.HardFault_Handler  stm32f1xx_it_traffic.o
    0x08001840   0x08001840   0x000000d0   Code   RO         1490    i.MX_GPIO_Init      gpio.o
    0x08001910   0x08001910   0x000000c0   Code   RO         1794    i.MX_TIM2_Init      tim.o
    0x080019d0   0x080019d0   0x00000078   Code   RO         1795    i.MX_TIM3_Init      tim.o
    0x08001a48   0x08001a48   0x0000004c   Code   RO         1519    i.MX_USART1_UART_Init  usart.o
    0x08001a94   0x08001a94   0x00000002   Code   RO         1404    i.MemManage_Handler  stm32f1xx_it_traffic.o
    0x08001a96   0x08001a96   0x00000002   Code   RO         1405    i.NMI_Handler       stm32f1xx_it_traffic.o
    0x08001a98   0x08001a98   0x00000020   Code   RO         3253    i.NVIC_SetPriority  stm32f1xx_hal_cortex.o
    0x08001ab8   0x08001ab8   0x00000004   Code   RO         1406    i.SysTick_Handler   stm32f1xx_it_traffic.o
    0x08001abc   0x08001abc   0x00000068   Code   RO         1560    i.SystemClock_Config  traffic8.o
    0x08001b24   0x08001b24   0x00000048   Code   RO           14    i.SystemInit        system_stm32f1xx.o
    0x08001b6c   0x08001b6c   0x0000000c   Code   RO         1407    i.TIM1_UP_IRQHandler  stm32f1xx_it_traffic.o
    0x08001b78   0x08001b78   0x0000006c   Code   RO         2598    i.TIM_Base_SetConfig  stm32f1xx_hal_tim.o
    0x08001be4   0x08001be4   0x00000016   Code   RO         2599    i.TIM_CCxChannelCmd  stm32f1xx_hal_tim.o
    0x08001bfa   0x08001bfa   0x00000014   Code   RO         2605    i.TIM_ETR_SetConfig  stm32f1xx_hal_tim.o
    0x08001c0e   0x08001c0e   0x00000010   Code   RO         2606    i.TIM_ITRx_SetConfig  stm32f1xx_hal_tim.o
    0x08001c1e   0x08001c1e   0x00000002   PAD
    0x08001c20   0x08001c20   0x00000050   Code   RO         2607    i.TIM_OC1_SetConfig  stm32f1xx_hal_tim.o
    0x08001c70   0x08001c70   0x00000058   Code   RO         2608    i.TIM_OC2_SetConfig  stm32f1xx_hal_tim.o
    0x08001cc8   0x08001cc8   0x00000058   Code   RO         2609    i.TIM_OC3_SetConfig  stm32f1xx_hal_tim.o
    0x08001d20   0x08001d20   0x00000044   Code   RO         2610    i.TIM_OC4_SetConfig  stm32f1xx_hal_tim.o
    0x08001d64   0x08001d64   0x0000007c   Code   RO         2611    i.TIM_SlaveTimer_SetConfig  stm32f1xx_hal_tim.o
    0x08001de0   0x08001de0   0x00000022   Code   RO         2612    i.TIM_TI1_ConfigInputStage  stm32f1xx_hal_tim.o
    0x08001e02   0x08001e02   0x00000024   Code   RO         2614    i.TIM_TI2_ConfigInputStage  stm32f1xx_hal_tim.o
    0x08001e26   0x08001e26   0x00000002   PAD
    0x08001e28   0x08001e28   0x00000170   Code   RO         3491    i.UART_SetConfig    stm32f1xx_hal_uart.o
    0x08001f98   0x08001f98   0x00000064   Code   RO         3493    i.UART_WaitOnFlagUntilTimeout  stm32f1xx_hal_uart.o
    0x08001ffc   0x08001ffc   0x00000054   Code   RO         1408    i.USART1_IRQHandler  stm32f1xx_it_traffic.o
    0x08002050   0x08002050   0x00000002   Code   RO         1409    i.UsageFault_Handler  stm32f1xx_it_traffic.o
    0x08002052   0x08002052   0x00000002   Code   RO         1561    i._Error_Handler    traffic8.o
    0x08002054   0x08002054   0x00000020   Code   RO         4246    i.__0printf$8       mc_w.l(printf8.o)
    0x08002074   0x08002074   0x00000028   Code   RO         4248    i.__0sprintf$8      mc_w.l(printf8.o)
    0x0800209c   0x0800209c   0x0000000e   Code   RO         4357    i.__scatterload_copy  mc_w.l(handlers.o)
    0x080020aa   0x080020aa   0x00000002   Code   RO         4358    i.__scatterload_null  mc_w.l(handlers.o)
    0x080020ac   0x080020ac   0x0000000e   Code   RO         4359    i.__scatterload_zeroinit  mc_w.l(handlers.o)
    0x080020ba   0x080020ba   0x00000002   PAD
    0x080020bc   0x080020bc   0x00000410   Code   RO         4253    i._printf_core      mc_w.l(printf8.o)
    0x080024cc   0x080024cc   0x00000024   Code   RO         4254    i._printf_post_padding  mc_w.l(printf8.o)
    0x080024f0   0x080024f0   0x0000002e   Code   RO         4255    i._printf_pre_padding  mc_w.l(printf8.o)
    0x0800251e   0x0800251e   0x0000000a   Code   RO         4257    i._sputc            mc_w.l(printf8.o)
    0x08002528   0x08002528   0x00000234   Code   RO         1562    i.command           traffic8.o
    0x0800275c   0x0800275c   0x0000003c   Code   RO         1563    i.controleur        traffic8.o
    0x08002798   0x08002798   0x00000006   Code   RO         1845    i.delay             lcd_4bit.o
    0x0800279e   0x0800279e   0x00000002   PAD
    0x080027a0   0x080027a0   0x00000034   Code   RO         1348    i.fputc             basic_io.o
    0x080027d4   0x080027d4   0x0000010c   Code   RO         1564    i.generation_temps  traffic8.o
    0x080028e0   0x080028e0   0x00000014   Code   RO         1848    i.lcd_clear         lcd_4bit.o
    0x080028f4   0x080028f4   0x000000a8   Code   RO         1849    i.lcd_init          lcd_4bit.o
    0x0800299c   0x0800299c   0x00000014   Code   RO         1850    i.lcd_print         lcd_4bit.o
    0x080029b0   0x080029b0   0x00000028   Code   RO         1851    i.lcd_putchar       lcd_4bit.o
    0x080029d8   0x080029d8   0x00000090   Code   RO         1852    i.lcd_read_status   lcd_4bit.o
    0x08002a68   0x08002a68   0x00000048   Code   RO         1853    i.lcd_write_4bit    lcd_4bit.o
    0x08002ab0   0x08002ab0   0x00000028   Code   RO         1854    i.lcd_write_cmd     lcd_4bit.o
    0x08002ad8   0x08002ad8   0x00000078   Code   RO         1565    i.lect_H            traffic8.o
    0x08002b50   0x08002b50   0x00000098   Code   RO         1566    i.lecture_BP        traffic8.o
    0x08002be8   0x08002be8   0x000000dc   Code   RO         1567    i.main              traffic8.o
    0x08002cc4   0x08002cc4   0x00000014   Code   RO          645    i.osSystickHandler  cmsis_os.o
    0x08002cd8   0x08002cd8   0x00000070   Code   RO          315    i.prvAddCurrentTaskToDelayedList  tasks.o
    0x08002d48   0x08002d48   0x000000d0   Code   RO          316    i.prvAddNewTaskToReadyList  tasks.o
    0x08002e18   0x08002e18   0x00000050   Code   RO          317    i.prvCheckTasksWaitingTermination  tasks.o
    0x08002e68   0x08002e68   0x00000026   Code   RO         1005    i.prvCopyDataFromQueue  queue.o
    0x08002e8e   0x08002e8e   0x0000006c   Code   RO         1006    i.prvCopyDataToQueue  queue.o
    0x08002efa   0x08002efa   0x00000014   Code   RO          318    i.prvDeleteTCB      tasks.o
    0x08002f0e   0x08002f0e   0x00000002   PAD
    0x08002f10   0x08002f10   0x0000004c   Code   RO         1186    i.prvHeapInit       heap_4.o
    0x08002f5c   0x08002f5c   0x00000028   Code   RO          319    i.prvIdleTask       tasks.o
    0x08002f84   0x08002f84   0x0000008e   Code   RO          320    i.prvInitialiseNewTask  tasks.o
    0x08003012   0x08003012   0x00000002   PAD
    0x08003014   0x08003014   0x0000004c   Code   RO         1187    i.prvInsertBlockIntoFreeList  heap_4.o
    0x08003060   0x08003060   0x0000001c   Code   RO         1007    i.prvIsQueueEmpty   queue.o
    0x0800307c   0x0800307c   0x00000020   Code   RO          321    i.prvResetNextTaskUnblockTime  tasks.o
    0x0800309c   0x0800309c   0x00000028   Code   RO          232    i.prvTaskExitError  port.o
    0x080030c4   0x080030c4   0x0000006a   Code   RO         1008    i.prvUnlockQueue    queue.o
    0x0800312e   0x0800312e   0x00000002   PAD
    0x08003130   0x08003130   0x000000d8   Code   RO         1188    i.pvPortMalloc      heap_4.o
    0x08003208   0x08003208   0x00000018   Code   RO          323    i.pvTaskIncrementMutexHeldCount  tasks.o
    0x08003220   0x08003220   0x00000024   Code   RO          233    i.pxPortInitialiseStack  port.o
    0x08003244   0x08003244   0x0000015c   Code   RO         1568    i.seqtrain          traffic8.o
    0x080033a0   0x080033a0   0x000002d4   Code   RO         1569    i.sequenceur        traffic8.o
    0x08003674   0x08003674   0x00000014   Code   RO         1855    i.set_cursor        lcd_4bit.o
    0x08003688   0x08003688   0x00000024   Code   RO         1150    i.uxListRemove      list.o
    0x080036ac   0x080036ac   0x00000016   Code   RO         1151    i.vListInitialise   list.o
    0x080036c2   0x080036c2   0x00000006   Code   RO         1152    i.vListInitialiseItem  list.o
    0x080036c8   0x080036c8   0x00000030   Code   RO         1153    i.vListInsert       list.o
    0x080036f8   0x080036f8   0x00000018   Code   RO         1154    i.vListInsertEnd    list.o
    0x08003710   0x08003710   0x00000040   Code   RO          235    i.vPortEnterCritical  port.o
    0x08003750   0x08003750   0x00000028   Code   RO          236    i.vPortExitCritical  port.o
    0x08003778   0x08003778   0x0000005c   Code   RO         1189    i.vPortFree         heap_4.o
    0x080037d4   0x080037d4   0x00000020   Code   RO          237    i.vPortSetupTimerInterrupt  port.o
    0x080037f4   0x080037f4   0x00000054   Code   RO          238    i.vPortValidateInterruptPriority  port.o
    0x08003848   0x08003848   0x0000008c   Code   RO          330    i.vTaskDelayUntil   tasks.o
    0x080038d4   0x080038d4   0x0000000c   Code   RO          333    i.vTaskMissedYield  tasks.o
    0x080038e0   0x080038e0   0x00000030   Code   RO          335    i.vTaskPlaceOnEventList  tasks.o
    0x08003910   0x08003910   0x00000084   Code   RO          337    i.vTaskPriorityInherit  tasks.o
    0x08003994   0x08003994   0x00000024   Code   RO          340    i.vTaskSetTimeOutState  tasks.o
    0x080039b8   0x080039b8   0x00000068   Code   RO          341    i.vTaskStartScheduler  tasks.o
    0x08003a20   0x08003a20   0x00000010   Code   RO          343    i.vTaskSuspendAll   tasks.o
    0x08003a30   0x08003a30   0x0000005c   Code   RO          344    i.vTaskSwitchContext  tasks.o
    0x08003a8c   0x08003a8c   0x0000000e   Code   RO         1856    i.wait_while_busy   lcd_4bit.o
    0x08003a9a   0x08003a9a   0x00000002   PAD
    0x08003a9c   0x08003a9c   0x00000074   Code   RO          239    i.xPortStartScheduler  port.o
    0x08003b10   0x08003b10   0x0000002c   Code   RO          240    i.xPortSysTickHandler  port.o
    0x08003b3c   0x08003b3c   0x00000048   Code   RO         1016    i.xQueueGenericCreate  queue.o
    0x08003b84   0x08003b84   0x0000016c   Code   RO         1017    i.xQueueGenericReceive  queue.o
    0x08003cf0   0x08003cf0   0x00000088   Code   RO         1018    i.xQueueGenericReset  queue.o
    0x08003d78   0x08003d78   0x00000160   Code   RO         1019    i.xQueueGenericSend  queue.o
    0x08003ed8   0x08003ed8   0x000000bc   Code   RO         1020    i.xQueueGenericSendFromISR  queue.o
    0x08003f94   0x08003f94   0x0000006c   Code   RO          345    i.xTaskCheckForTimeOut  tasks.o
    0x08004000   0x08004000   0x00000056   Code   RO          346    i.xTaskCreate       tasks.o
    0x08004056   0x08004056   0x00000002   PAD
    0x08004058   0x08004058   0x0000001c   Code   RO          350    i.xTaskGetSchedulerState  tasks.o
    0x08004074   0x08004074   0x0000000c   Code   RO          351    i.xTaskGetTickCount  tasks.o
    0x08004080   0x08004080   0x000000c8   Code   RO          353    i.xTaskIncrementTick  tasks.o
    0x08004148   0x08004148   0x00000098   Code   RO          356    i.xTaskPriorityDisinherit  tasks.o
    0x080041e0   0x080041e0   0x00000074   Code   RO          357    i.xTaskRemoveFromEventList  tasks.o
    0x08004254   0x08004254   0x000000c4   Code   RO          359    i.xTaskResumeAll    tasks.o
    0x08004318   0x08004318   0x00000010   Data   RO           15    .constdata          system_stm32f1xx.o
    0x08004328   0x08004328   0x00000008   Data   RO           16    .constdata          system_stm32f1xx.o
    0x08004330   0x08004330   0x0000024b   Data   RO         1571    .constdata          traffic8.o
    0x0800457b   0x0800457b   0x00000001   PAD
    0x0800457c   0x0800457c   0x00000080   Data   RO         1857    .constdata          lcd_4bit.o
    0x080045fc   0x080045fc   0x00000040   Data   RO         4353    .constdata          mc_w.l(ctype_c.o)
    0x0800463c   0x0800463c   0x000000bc   Data   RO         1572    .conststring        traffic8.o
    0x080046f8   0x080046f8   0x00000020   Data   RO         4355    Region$$Table       anon$$obj.o


    Execution Region RW_IRAM1 (Exec base: 0x20000000, Load base: 0x08004718, Size: 0x000012c0, Max: 0x00005000, ABSOLUTE)

    Exec Addr    Load Addr    Size         Type   Attr      Idx    E Section Name        Object

    0x20000000   0x08004718   0x00000004   Data   RW           17    .data               system_stm32f1xx.o
    0x20000004   0x0800471c   0x0000000c   Data   RW          241    .data               port.o
    0x20000010   0x08004728   0x0000003c   Data   RW          362    .data               tasks.o
    0x2000004c   0x08004764   0x00000018   Data   RW         1194    .data               heap_4.o
    0x20000064   0x0800477c   0x00000044   Data   RW         1573    .data               traffic8.o
    0x200000a8   0x080047c0   0x00000004   Data   RW         2391    .data               stm32f1xx_hal.o
    0x200000ac   0x080047c4   0x00000004   Data   RW         4318    .data               mc_w.l(stdout.o)
    0x200000b0        -       0x000000f0   Zero   RW          361    .bss                tasks.o
    0x200001a0        -       0x00000c00   Zero   RW         1193    .bss                heap_4.o
    0x20000da0        -       0x00000040   Zero   RW         1253    .bss                stm32f1xx_hal_timebase_tim.o
    0x20000de0        -       0x00000040   Zero   RW         1520    .bss                usart.o
    0x20000e20        -       0x0000001c   Zero   RW         1570    .bss                traffic8.o
    0x20000e3c        -       0x00000080   Zero   RW         1796    .bss                tim.o
    0x20000ebc   0x080047c8   0x00000004   PAD
    0x20000ec0        -       0x00000400   Zero   RW            1    STACK               startup_stm32f103xb.o


==============================================================================

Image component sizes


      Code (inc. data)   RO Data    RW Data    ZI Data      Debug   Object Name

        52         10          0          0          0        536   basic_io.o
        20          0          0          0          0       3143   cmsis_os.o
         0          0          0          0          0      11848   event_groups.o
       208         16          0          0          0       1019   gpio.o
       460         24          0         24       3072       7435   heap_4.o
       544         52        128          0          0       6824   lcd_4bit.o
       136          0          0          0          0       3554   list.o
       606         72          0         12          0      11353   port.o
      1392         14          0          0          0      12325   queue.o
        36          8        236          0       1024        828   startup_stm32f103xb.o
        64         16          0          4          0       2636   stm32f1xx_hal.o
       218         14          0          0          0      26541   stm32f1xx_hal_cortex.o
       498         42          0          0          0       5380   stm32f1xx_hal_gpio.o
       132         10          0          0          0        902   stm32f1xx_hal_msp.o
      1360        114          0          0          0       6473   stm32f1xx_hal_rcc.o
      1748         48          0          0          0      17717   stm32f1xx_hal_tim.o
        84          0          0          0          0       2438   stm32f1xx_hal_tim_ex.o
       116         18          0          0         64       1524   stm32f1xx_hal_timebase_tim.o
       752          4          0          0          0       4048   stm32f1xx_hal_uart.o
       144         30          0          0          0       5280   stm32f1xx_it_traffic.o
        72         16         24          4          0     432535   system_stm32f1xx.o
      2136        176          0         60        240      23218   tasks.o
       460         70          0          0        128       3121   tim.o
         0          0          0          0          0       5280   timers.o
      2582        454        775         68         28     427200   traffic8.o
       180         36          0          0         64       1738   usart.o

    ----------------------------------------------------------------------
     14028       1244       1196        172       4624    1024896   Object Totals
         0          0         32          0          0          0   (incl. Generated)
        28          0          1          0          4          0   (incl. Padding)

    ----------------------------------------------------------------------

      Code (inc. data)   RO Data    RW Data    ZI Data      Debug   Library Member Name

        56          8          0          0          0         84   __0sscanf.o
        28          0          0          0          0         68   _chval.o
       812          4          0          0          0        112   _scanf.o
       332          0          0          0          0         96   _scanf_int.o
        64          0          0          0          0         84   _sgetc.o
        40          6         64          0          0         68   ctype_c.o
         0          0          0          0          0          0   entry.o
         0          0          0          0          0          0   entry10a.o
         0          0          0          0          0          0   entry11a.o
         8          4          0          0          0          0   entry2.o
         4          0          0          0          0          0   entry5.o
         0          0          0          0          0          0   entry7b.o
         0          0          0          0          0          0   entry8b.o
         8          4          0          0          0          0   entry9a.o
        30          0          0          0          0          0   handlers.o
        36          8          0          0          0         68   init.o
        10          0          0          0          0         68   isspace_c.o
        30          0          0          0          0         68   llshl.o
        32          0          0          0          0         68   llushr.o
        26          0          0          0          0         80   memcmp.o
        36          0          0          0          0         68   memcpya.o
      1204         60          0          0          0        504   printf8.o
        40          8          0          0          0         84   scanf_char.o
         0          0          0          4          0          0   stdout.o
        12          0          0          0          0         68   toupper.o
        98          0          0          0          0         92   uldiv.o

    ----------------------------------------------------------------------
      2912        102         64          4          0       1680   Library Totals
         6          0          0          0          0          0   (incl. Padding)

    ----------------------------------------------------------------------

      Code (inc. data)   RO Data    RW Data    ZI Data      Debug   Library Name

      2906        102         64          4          0       1680   mc_w.l

    ----------------------------------------------------------------------
      2912        102         64          4          0       1680   Library Totals

    ----------------------------------------------------------------------

==============================================================================


      Code (inc. data)   RO Data    RW Data    ZI Data      Debug   

     16940       1346       1260        176       4624    1018304   Grand Totals
     16940       1346       1260        176       4624    1018304   ELF Image Totals
     16940       1346       1260        176          0          0   ROM Totals

==============================================================================

    Total RO  Size (Code + RO Data)                18200 (  17.77kB)
    Total RW  Size (RW Data + ZI Data)              4800 (   4.69kB)
    Total ROM Size (Code + RO Data + RW Data)      18376 (  17.95kB)

==============================================================================

