<html>
<body>
<pre>
<h1>µVision Build Log</h1>
<h2>Tool Versions:</h2>
IDE-Version: µVision V5.24.2.0
Copyright (C) 2017 ARM Ltd and ARM Germany GmbH. All rights reserved.
License Information: Alain Soulignac, EMSE, LIC=----
 
Tool Versions:
Toolchain:       MDK-Lite  Version: 5.24.1
Toolchain Path:  C:\Keil_v5\ARM\ARMCC\Bin
C Compiler:      Armcc.exe V5.06 update 5 (build 528)
Assembler:       Armasm.exe V5.06 update 5 (build 528)
Linker/Locator:  ArmLink.exe V5.06 update 5 (build 528)
Library Manager: ArmAr.exe V5.06 update 5 (build 528)
Hex Converter:   FromElf.exe V5.06 update 5 (build 528)
CPU DLL:         SARMCM3.DLL V5.24.1
Dialog DLL:      DCM.DLL V1.16.0.0
Target DLL:      UL2CM3.DLL V1.160.3.0
Dialog DLL:      TCM.DLL V1.32.0.0
 
<h2>Project:</h2>
C:\Users\Alain\Documents\Cours\Cours_3A\RTOS\Gitclone\MDK-ARM\Projet Traffic.uvprojx
Project File Date:  10/15/2018

<h2>Output:</h2>
*** Using Compiler 'V5.06 update 5 (build 528)', folder: 'C:\Keil_v5\ARM\ARMCC\Bin'
Build target 'Projet Traffic'
compiling Traffic8.c...
..\Src\Traffic8.c(329): warning:  #188-D: enumerated type mixed with another type
  					HAL_GPIO_WritePin(
PIOB,
..\Src\Traffic8.c(330): warning:  #188-D: enumerated type mixed with another type
  					HAL_GPIO_WritePin(
PIOB, 
..\Src\Traffic8.c(340): warning:  #188-D: enumerated type mixed with another type
  					 HAL_GPIO_WritePin(
PIOB,
..\Src\Traffic8.c(341): warning:  #188-D: enumerated type mixed with another type
  					 HAL_GPIO_WritePin(
PIOB,
..\Src\Traffic8.c(352): warning:  #188-D: enumerated type mixed with another type
  					HAL_GPIO_WritePin(
PIOB, 
..\Src\Traffic8.c(353): warning:  #188-D: enumerated type mixed with another type
  					HAL_GPIO_WritePin (
PIOB, 
..\Src\Traffic8.c(361): warning:  #188-D: enumerated type mixed with another type
  					HAL_GPIO_WritePin (
PIOB, 
..\Src\Traffic8.c(362): warning:  #188-D: enumerated type mixed with another type
  					HAL_GPIO_WritePin (
PIOB, 
..\Src\Traffic8.c(372): warning:  #188-D: enumerated type mixed with another type
  					HAL_GPIO_WritePin (
PIOB, 
..\Src\Traffic8.c(373): warning:  #188-D: enumerated type mixed with another type
  					HAL_GPIO_WritePin(
PIOB, 
..\Src\Traffic8.c(383): warning:  #188-D: enumerated type mixed with another type
  					HAL_GPIO_WritePin (
PIOB, 
..\Src\Traffic8.c(384): warning:  #188-D: enumerated type mixed with another type
  					HAL_GPIO_WritePin (
PIOB, 
..\Src\Traffic8.c(392): warning:  #188-D: enumerated type mixed with another type
  			HAL_GPIO_WritePin (
PIOB, 
..\Src\Traffic8.c(403): warning:  #188-D: enumerated type mixed with another type
  			HAL_GPIO_WritePin(
PIOB,
..\Src\Traffic8.c(404): warning:  #188-D: enumerated type mixed with another type
  			HAL_GPIO_WritePin(
PIOB, 
..\Src\Traffic8.c(415): warning:  #188-D: enumerated type mixed with another type
  			HAL_GPIO_WritePin(
PIOB,
..\Src\Traffic8.c(416): warning:  #188-D: enumerated type mixed with another type
  			HAL_GPIO_WritePin(
PIOB,
..\Src\Traffic8.c(427): warning:  #188-D: enumerated type mixed with another type
  			HAL_GPIO_WritePin(
PIOB, 
..\Src\Traffic8.c(428): warning:  #188-D: enumerated type mixed with another type
  			HAL_GPIO_WritePin (
PIOB, 
..\Src\Traffic8.c(439): warning:  #188-D: enumerated type mixed with another type
  			HAL_GPIO_WritePin (
PIOB, 
..\Src\Traffic8.c(440): warning:  #188-D: enumerated type mixed with another type
  			HAL_GPIO_WritePin (
PIOB, 
..\Src\Traffic8.c(451): warning:  #188-D: enumerated type mixed with another type
  			HAL_GPIO_WritePin (
PIOB, 
..\Src\Traffic8.c(452): warning:  #188-D: enumerated type mixed with another type
  			HAL_GPIO_WritePin(
PIOB, 
..\Src\Traffic8.c(463): warning:  #188-D: enumerated type mixed with another type
  			HAL_GPIO_WritePin (
PIOB, 
..\Src\Traffic8.c(464): warning:  #188-D: enumerated type mixed with another type
  			HAL_GPIO_WritePin (
PIOB, 
..\Src\Traffic8.c(489): warning:  #188-D: enumerated type mixed with another type
  					HAL_GPIO_WritePin(
PIOB,
..\Src\Traffic8.c(490): warning:  #188-D: enumerated type mixed with another type
  					HAL_GPIO_WritePin(
PIOB, 
..\Src\Traffic8.c(499): warning:  #188-D: enumerated type mixed with another type
  					 HAL_GPIO_WritePin(
PIOB,
..\Src\Traffic8.c(500): warning:  #188-D: enumerated type mixed with another type
  					 HAL_GPIO_WritePin(
PIOB,
..\Src\Traffic8.c(513): warning:  #188-D: enumerated type mixed with another type
  					HAL_GPIO_WritePin (
PIOB, 
..\Src\Traffic8.c(514): warning:  #188-D: enumerated type mixed with another type
  					HAL_GPIO_WritePin (
PIOB, 
..\Src\Traffic8.c(522): warning:  #188-D: enumerated type mixed with another type
  						HAL_GPIO_WritePin(
PIOB, 
..\Src\Traffic8.c(523): warning:  #188-D: enumerated type mixed with another type
  			      HAL_GPIO_WritePin (
PIOB, 
..\Src\Traffic8.c(531): warning:  #188-D: enumerated type mixed with another type
  						HAL_GPIO_WritePin(
PIOB, 
..\Src\Traffic8.c(532): warning:  #188-D: enumerated type mixed with another type
  						HAL_GPIO_WritePin (
PIOB, 
..\Src\Traffic8.c(539): warning:  #188-D: enumerated type mixed with another type
  						HAL_GPIO_WritePin (
PIOB, 
..\Src\Traffic8.c(540): warning:  #188-D: enumerated type mixed with another type
  					  HAL_GPIO_WritePin (
PIOB, 
..\Src\Traffic8.c(548): warning:  #188-D: enumerated type mixed with another type
  						HAL_GPIO_WritePin(
PIOB,
..\Src\Traffic8.c(549): warning:  #188-D: enumerated type mixed with another type
  					  HAL_GPIO_WritePin(
PIOB, 
..\Src\Traffic8.c(561): warning:  #188-D: enumerated type mixed with another type
  			HAL_GPIO_WritePin (
PIOB, 
..\Src\Traffic8.c: 40 warnings, 0 errors
linking...
Program Size: Code=16940 RO-data=1260 RW-data=176 ZI-data=4624  
"Projet Traffic\Projet Traffic.axf" - 0 Error(s), 40 Warning(s).

<h2>Software Packages used:</h2>

Package Vendor: ARM
                http://www.keil.com/pack/ARM.CMSIS.5.0.1.pack
                ARM.CMSIS.5.0.1
                CMSIS (Cortex Microcontroller Software Interface Standard)
   * Component: CORE Version: 5.0.1

Package Vendor: Keil
                http://www.keil.com/pack/Keil.STM32F1xx_DFP.2.2.0.pack
                Keil.STM32F1xx_DFP.2.2.0
                STMicroelectronics STM32F1 Series Device Support, Drivers and Examples

<h2>Collection of Component include folders:</h2>
  .\RTE\_Projet_Traffic
  C:\Keil_v5\ARM\PACK\ARM\CMSIS\5.0.1\CMSIS\Include
  C:\Keil_v5\ARM\PACK\Keil\STM32F1xx_DFP\2.2.0\Device\Include

<h2>Collection of Component Files used:</h2>

   * Component: ARM::CMSIS:CORE:5.0.1
Build Time Elapsed:  00:00:07
</pre>
</body>
</html>
